{smcl}
{com}{sf}{ul off}{txt}{.-}
      name:  {res}<unnamed>
       {txt}log:  {res}E:\TheMonthInReview\wk3\mec_mkt_rsrch.smcl
  {txt}log type:  {res}smcl
 {txt}opened on:  {res}27 Feb 2019, 17:21:21
{txt}
{com}. set maxvar 30000

{txt}
{com}. 
. /*Section I*/
. 
. *1 reading in mec data in csv, exporting to dta
. 
. insheet using "E:\TheMonthInReview\wk3\monthly_products.csv", comma
{txt}(14 vars, 8811 obs)

{com}. 
{txt}end of do-file

{com}. do "C:\Users\dhnsingh\AppData\Local\Temp\STD00000000.tmp"
{txt}
{com}. replace branch = "Arsikere" if branch == "Arasikere"
{txt}(0 real changes made)

{com}. replace branch = "Jamkhandi" if branch == "JAMKHANDI"
{txt}(0 real changes made)

{com}. drop v1
{txt}
{com}. 
{txt}end of do-file

{com}. do "C:\Users\dhnsingh\AppData\Local\Temp\STD00000000.tmp"
{txt}
{com}. save "monthly_products.dta", replace
{txt}file monthly_products.dta saved

{com}. 
{txt}end of do-file

{com}. do "C:\Users\dhnsingh\AppData\Local\Temp\STD00000000.tmp"
{txt}
{com}. outsheet using monthly_products.csv, comma replace
{txt}
{com}. 
{txt}end of do-file

{com}. do "C:\Users\dhnsingh\AppData\Local\Temp\STD00000000.tmp"
{txt}
{com}. clear
{txt}
{com}. 
{txt}end of do-file

{com}. do "C:\Users\dhnsingh\AppData\Local\Temp\STD00000000.tmp"
{txt}
{com}. *2 reading in districts data csv, saving as dta
. insheet using "E:\TheMonthInReview\wk3\dist2_frmtd.csv", comma 
{txt}(3 vars, 169 obs)

{com}. 
{txt}end of do-file

{com}. do "C:\Users\dhnsingh\AppData\Local\Temp\STD00000000.tmp"
{txt}
{com}. rename v2 branch
{res}{txt}
{com}. rename v3 district
{res}{txt}
{com}. drop v1
{txt}
{com}. 
{txt}end of do-file

{com}. do "C:\Users\dhnsingh\AppData\Local\Temp\STD00000000.tmp"
{txt}
{com}. *3 merging
. 
. merge m:m branch using "monthly_products.dta"
{res}
{txt}{col 5}Result{col 38}# of obs.
{col 5}{hline 41}
{col 5}not matched{col 30}{res}               1
{txt}{col 9}from master{col 30}{res}               1{txt}  (_merge==1)
{col 9}from using{col 30}{res}               0{txt}  (_merge==2)

{col 5}matched{col 30}{res}           8,811{txt}  (_merge==3)
{col 5}{hline 41}

{com}. 
{txt}end of do-file

{com}. tab branch if _merge == 1

                 {txt}branch {c |}      Freq.     Percent        Cum.
{hline 24}{c +}{hline 35}
                 branch {c |}{res}          1      100.00      100.00
{txt}{hline 24}{c +}{hline 35}
                  Total {c |}{res}          1      100.00

{com}. drop if _merge == 1
{txt}(1 observation deleted)

{com}. do "C:\Users\dhnsingh\AppData\Local\Temp\STD00000000.tmp"
{txt}
{com}. drop _merge
{txt}
{com}. 
{txt}end of do-file

{com}. do "C:\Users\dhnsingh\AppData\Local\Temp\STD00000000.tmp"
{txt}
{com}. outsheet using monthly_products2_dist.csv, comma replace
{txt}(note: file monthly_products2_dist.csv not found)

{com}. save "monthly_products2_dist.dta", replace
{txt}(note: file monthly_products2_dist.dta not found)
file monthly_products2_dist.dta saved

{com}. 
. clear
{txt}
{com}. 
{txt}end of do-file

{com}. do "C:\Users\dhnsingh\AppData\Local\Temp\STD00000000.tmp"
{txt}
{com}. tab district year, row
{err}no variables defined
{txt}{search r(111):r(111);}

end of do-file

{search r(111):r(111);}

{com}. do "C:\Users\dhnsingh\AppData\Local\Temp\STD00000000.tmp"
{txt}
{com}. use "monthly_products2_dist.dta", clear
{txt}
{com}. 
{txt}end of do-file

{com}. do "C:\Users\dhnsingh\AppData\Local\Temp\STD00000000.tmp"
{txt}
{com}. tab district year, row
{err}variable year not found
{txt}{search r(111):r(111);}

end of do-file

{search r(111):r(111);}

{com}. do "C:\Users\dhnsingh\AppData\Local\Temp\STD00000000.tmp"
{txt}
{com}. tab district yr_applied, row
{txt}
{c TLC}{hline 16}{c TRC}
{c |} Key{col 18}{c |}
{c LT}{hline 16}{c RT}
{c |}{space 3}{it:frequency}{col 18}{c |}
{c |}{space 1}{it:row percentage}{col 18}{c |}
{c BLC}{hline 16}{c BRC}

                {c |}                 yr_applied
       district {c |}      2012       2013       2014       2015 {c |}     Total
{hline 16}{c +}{hline 44}{c +}{hline 10}
       Bagalkot {c |}{res}         0          3         46         64 {txt}{c |}{res}       202 
                {txt}{c |}{res}      0.00       1.49      22.77      31.68 {txt}{c |}{res}    100.00 
{txt}{hline 16}{c +}{hline 44}{c +}{hline 10}
      Bangalore {c |}{res}         0          0          0          0 {txt}{c |}{res}        15 
                {txt}{c |}{res}      0.00       0.00       0.00       0.00 {txt}{c |}{res}    100.00 
{txt}{hline 16}{c +}{hline 44}{c +}{hline 10}
 BangaloreRural {c |}{res}         0          1         32         39 {txt}{c |}{res}       192 
                {txt}{c |}{res}      0.00       0.52      16.67      20.31 {txt}{c |}{res}    100.00 
{txt}{hline 16}{c +}{hline 44}{c +}{hline 10}
        Belgaum {c |}{res}        34         90        177        162 {txt}{c |}{res}       756 
                {txt}{c |}{res}      4.50      11.90      23.41      21.43 {txt}{c |}{res}    100.00 
{txt}{hline 16}{c +}{hline 44}{c +}{hline 10}
        Bellary {c |}{res}         0          1         59         75 {txt}{c |}{res}       324 
                {txt}{c |}{res}      0.00       0.31      18.21      23.15 {txt}{c |}{res}    100.00 
{txt}{hline 16}{c +}{hline 44}{c +}{hline 10}
          Bidar {c |}{res}         0          0          0          0 {txt}{c |}{res}        51 
                {txt}{c |}{res}      0.00       0.00       0.00       0.00 {txt}{c |}{res}    100.00 
{txt}{hline 16}{c +}{hline 44}{c +}{hline 10}
        Bijapur {c |}{res}         0          0          0          0 {txt}{c |}{res}        25 
                {txt}{c |}{res}      0.00       0.00       0.00       0.00 {txt}{c |}{res}    100.00 
{txt}{hline 16}{c +}{hline 44}{c +}{hline 10}
 Chamarajanagar {c |}{res}         2         14         44         51 {txt}{c |}{res}       249 
                {txt}{c |}{res}      0.80       5.62      17.67      20.48 {txt}{c |}{res}    100.00 
{txt}{hline 16}{c +}{hline 44}{c +}{hline 10}
Chikkaballapura {c |}{res}         0          0          0          4 {txt}{c |}{res}       163 
                {txt}{c |}{res}      0.00       0.00       0.00       2.45 {txt}{c |}{res}    100.00 
{txt}{hline 16}{c +}{hline 44}{c +}{hline 10}
    Chikmagalur {c |}{res}        18         75         85         96 {txt}{c |}{res}       503 
                {txt}{c |}{res}      3.58      14.91      16.90      19.09 {txt}{c |}{res}    100.00 
{txt}{hline 16}{c +}{hline 44}{c +}{hline 10}
    Chitradurga {c |}{res}         4         19         97         90 {txt}{c |}{res}       422 
                {txt}{c |}{res}      0.95       4.50      22.99      21.33 {txt}{c |}{res}    100.00 
{txt}{hline 16}{c +}{hline 44}{c +}{hline 10}
DakshinaKannada {c |}{res}        25         97        107         97 {txt}{c |}{res}       499 
                {txt}{c |}{res}      5.01      19.44      21.44      19.44 {txt}{c |}{res}    100.00 
{txt}{hline 16}{c +}{hline 44}{c +}{hline 10}
     Davanagere {c |}{res}         9         37        101         47 {txt}{c |}{res}       300 
                {txt}{c |}{res}      3.00      12.33      33.67      15.67 {txt}{c |}{res}    100.00 
{txt}{hline 16}{c +}{hline 44}{c +}{hline 10}
        Dharwad {c |}{res}         2          7         32         35 {txt}{c |}{res}       203 
                {txt}{c |}{res}      0.99       3.45      15.76      17.24 {txt}{c |}{res}    100.00 
{txt}{hline 16}{c +}{hline 44}{c +}{hline 10}
          Gadag {c |}{res}         1          7          5         14 {txt}{c |}{res}        65 
                {txt}{c |}{res}      1.54      10.77       7.69      21.54 {txt}{c |}{res}    100.00 
{txt}{hline 16}{c +}{hline 44}{c +}{hline 10}
       Gulbarga {c |}{res}         0          0          0          0 {txt}{c |}{res}        24 
                {txt}{c |}{res}      0.00       0.00       0.00       0.00 {txt}{c |}{res}    100.00 
{txt}{hline 16}{c +}{hline 44}{c +}{hline 10}
         Hassan {c |}{res}         1         10         50        107 {txt}{c |}{res}       404 
                {txt}{c |}{res}      0.25       2.48      12.38      26.49 {txt}{c |}{res}    100.00 
{txt}{hline 16}{c +}{hline 44}{c +}{hline 10}
         Haveri {c |}{res}         6         46         56         38 {txt}{c |}{res}       260 
                {txt}{c |}{res}      2.31      17.69      21.54      14.62 {txt}{c |}{res}    100.00 
{txt}{hline 16}{c +}{hline 44}{c +}{hline 10}
       Kasargod {c |}{res}         0          1          8          8 {txt}{c |}{res}        39 
                {txt}{c |}{res}      0.00       2.56      20.51      20.51 {txt}{c |}{res}    100.00 
{txt}{hline 16}{c +}{hline 44}{c +}{hline 10}
         Kodagu {c |}{res}         7         39         34         39 {txt}{c |}{res}       199 
                {txt}{c |}{res}      3.52      19.60      17.09      19.60 {txt}{c |}{res}    100.00 
{txt}{hline 16}{c +}{hline 44}{c +}{hline 10}
          Kolar {c |}{res}         0          0          0         13 {txt}{c |}{res}       159 
                {txt}{c |}{res}      0.00       0.00       0.00       8.18 {txt}{c |}{res}    100.00 
{txt}{hline 16}{c +}{hline 44}{c +}{hline 10}
         Koppal {c |}{res}         2         14         76         49 {txt}{c |}{res}       286 
                {txt}{c |}{res}      0.70       4.90      26.57      17.13 {txt}{c |}{res}    100.00 
{txt}{hline 16}{c +}{hline 44}{c +}{hline 10}
         Mandya {c |}{res}         0          1         32         89 {txt}{c |}{res}       427 
                {txt}{c |}{res}      0.00       0.23       7.49      20.84 {txt}{c |}{res}    100.00 
{txt}{hline 16}{c +}{hline 44}{c +}{hline 10}
         Mysore {c |}{res}         2         60        139        105 {txt}{c |}{res}       541 
                {txt}{c |}{res}      0.37      11.09      25.69      19.41 {txt}{c |}{res}    100.00 
{txt}{hline 16}{c +}{hline 44}{c +}{hline 10}
        Raichur {c |}{res}         0          1         24         38 {txt}{c |}{res}       219 
                {txt}{c |}{res}      0.00       0.46      10.96      17.35 {txt}{c |}{res}    100.00 
{txt}{hline 16}{c +}{hline 44}{c +}{hline 10}
     Ramanagara {c |}{res}         0          0          0          5 {txt}{c |}{res}       197 
                {txt}{c |}{res}      0.00       0.00       0.00       2.54 {txt}{c |}{res}    100.00 
{txt}{hline 16}{c +}{hline 44}{c +}{hline 10}
        Shimoga {c |}{res}        29        102        143        124 {txt}{c |}{res}       610 
                {txt}{c |}{res}      4.75      16.72      23.44      20.33 {txt}{c |}{res}    100.00 
{txt}{hline 16}{c +}{hline 44}{c +}{hline 10}
         Tumkur {c |}{res}        13         68        119        127 {txt}{c |}{res}       619 
                {txt}{c |}{res}      2.10      10.99      19.22      20.52 {txt}{c |}{res}    100.00 
{txt}{hline 16}{c +}{hline 44}{c +}{hline 10}
          Udupi {c |}{res}        13         39         43         54 {txt}{c |}{res}       269 
                {txt}{c |}{res}      4.83      14.50      15.99      20.07 {txt}{c |}{res}    100.00 
{txt}{hline 16}{c +}{hline 44}{c +}{hline 10}
  UttaraKannada {c |}{res}        13         83        143        103 {txt}{c |}{res}       556 
                {txt}{c |}{res}      2.34      14.93      25.72      18.53 {txt}{c |}{res}    100.00 
{txt}{hline 16}{c +}{hline 44}{c +}{hline 10}
         Yadgir {c |}{res}         0          0          0          0 {txt}{c |}{res}        33 
                {txt}{c |}{res}      0.00       0.00       0.00       0.00 {txt}{c |}{res}    100.00 
{txt}{hline 16}{c +}{hline 44}{c +}{hline 10}
          Total {c |}{res}       181        815      1,652      1,673 {txt}{c |}{res}     8,811 
                {txt}{c |}{res}      2.05       9.25      18.75      18.99 {txt}{c |}{res}    100.00 


                {txt}{c |}            yr_applied
       district {c |}      2016       2017       2018 {c |}     Total
{hline 16}{c +}{hline 33}{c +}{hline 10}
       Bagalkot {c |}{res}        34         21         34 {txt}{c |}{res}       202 
                {txt}{c |}{res}     16.83      10.40      16.83 {txt}{c |}{res}    100.00 
{txt}{hline 16}{c +}{hline 33}{c +}{hline 10}
      Bangalore {c |}{res}         0          2         13 {txt}{c |}{res}        15 
                {txt}{c |}{res}      0.00      13.33      86.67 {txt}{c |}{res}    100.00 
{txt}{hline 16}{c +}{hline 33}{c +}{hline 10}
 BangaloreRural {c |}{res}        15         52         53 {txt}{c |}{res}       192 
                {txt}{c |}{res}      7.81      27.08      27.60 {txt}{c |}{res}    100.00 
{txt}{hline 16}{c +}{hline 33}{c +}{hline 10}
        Belgaum {c |}{res}        79         96        118 {txt}{c |}{res}       756 
                {txt}{c |}{res}     10.45      12.70      15.61 {txt}{c |}{res}    100.00 
{txt}{hline 16}{c +}{hline 33}{c +}{hline 10}
        Bellary {c |}{res}        45         77         67 {txt}{c |}{res}       324 
                {txt}{c |}{res}     13.89      23.77      20.68 {txt}{c |}{res}    100.00 
{txt}{hline 16}{c +}{hline 33}{c +}{hline 10}
          Bidar {c |}{res}         0          9         42 {txt}{c |}{res}        51 
                {txt}{c |}{res}      0.00      17.65      82.35 {txt}{c |}{res}    100.00 
{txt}{hline 16}{c +}{hline 33}{c +}{hline 10}
        Bijapur {c |}{res}         0          9         16 {txt}{c |}{res}        25 
                {txt}{c |}{res}      0.00      36.00      64.00 {txt}{c |}{res}    100.00 
{txt}{hline 16}{c +}{hline 33}{c +}{hline 10}
 Chamarajanagar {c |}{res}        42         57         39 {txt}{c |}{res}       249 
                {txt}{c |}{res}     16.87      22.89      15.66 {txt}{c |}{res}    100.00 
{txt}{hline 16}{c +}{hline 33}{c +}{hline 10}
Chikkaballapura {c |}{res}        31         76         52 {txt}{c |}{res}       163 
                {txt}{c |}{res}     19.02      46.63      31.90 {txt}{c |}{res}    100.00 
{txt}{hline 16}{c +}{hline 33}{c +}{hline 10}
    Chikmagalur {c |}{res}        64        101         64 {txt}{c |}{res}       503 
                {txt}{c |}{res}     12.72      20.08      12.72 {txt}{c |}{res}    100.00 
{txt}{hline 16}{c +}{hline 33}{c +}{hline 10}
    Chitradurga {c |}{res}        84         65         63 {txt}{c |}{res}       422 
                {txt}{c |}{res}     19.91      15.40      14.93 {txt}{c |}{res}    100.00 
{txt}{hline 16}{c +}{hline 33}{c +}{hline 10}
DakshinaKannada {c |}{res}        57         67         49 {txt}{c |}{res}       499 
                {txt}{c |}{res}     11.42      13.43       9.82 {txt}{c |}{res}    100.00 
{txt}{hline 16}{c +}{hline 33}{c +}{hline 10}
     Davanagere {c |}{res}        24         40         42 {txt}{c |}{res}       300 
                {txt}{c |}{res}      8.00      13.33      14.00 {txt}{c |}{res}    100.00 
{txt}{hline 16}{c +}{hline 33}{c +}{hline 10}
        Dharwad {c |}{res}        29         47         51 {txt}{c |}{res}       203 
                {txt}{c |}{res}     14.29      23.15      25.12 {txt}{c |}{res}    100.00 
{txt}{hline 16}{c +}{hline 33}{c +}{hline 10}
          Gadag {c |}{res}        10          8         20 {txt}{c |}{res}        65 
                {txt}{c |}{res}     15.38      12.31      30.77 {txt}{c |}{res}    100.00 
{txt}{hline 16}{c +}{hline 33}{c +}{hline 10}
       Gulbarga {c |}{res}         0          2         22 {txt}{c |}{res}        24 
                {txt}{c |}{res}      0.00       8.33      91.67 {txt}{c |}{res}    100.00 
{txt}{hline 16}{c +}{hline 33}{c +}{hline 10}
         Hassan {c |}{res}        49         99         88 {txt}{c |}{res}       404 
                {txt}{c |}{res}     12.13      24.50      21.78 {txt}{c |}{res}    100.00 
{txt}{hline 16}{c +}{hline 33}{c +}{hline 10}
         Haveri {c |}{res}        36         41         37 {txt}{c |}{res}       260 
                {txt}{c |}{res}     13.85      15.77      14.23 {txt}{c |}{res}    100.00 
{txt}{hline 16}{c +}{hline 33}{c +}{hline 10}
       Kasargod {c |}{res}        11          5          6 {txt}{c |}{res}        39 
                {txt}{c |}{res}     28.21      12.82      15.38 {txt}{c |}{res}    100.00 
{txt}{hline 16}{c +}{hline 33}{c +}{hline 10}
         Kodagu {c |}{res}        19         34         27 {txt}{c |}{res}       199 
                {txt}{c |}{res}      9.55      17.09      13.57 {txt}{c |}{res}    100.00 
{txt}{hline 16}{c +}{hline 33}{c +}{hline 10}
          Kolar {c |}{res}        23         54         69 {txt}{c |}{res}       159 
                {txt}{c |}{res}     14.47      33.96      43.40 {txt}{c |}{res}    100.00 
{txt}{hline 16}{c +}{hline 33}{c +}{hline 10}
         Koppal {c |}{res}        46         63         36 {txt}{c |}{res}       286 
                {txt}{c |}{res}     16.08      22.03      12.59 {txt}{c |}{res}    100.00 
{txt}{hline 16}{c +}{hline 33}{c +}{hline 10}
         Mandya {c |}{res}        67        135        103 {txt}{c |}{res}       427 
                {txt}{c |}{res}     15.69      31.62      24.12 {txt}{c |}{res}    100.00 
{txt}{hline 16}{c +}{hline 33}{c +}{hline 10}
         Mysore {c |}{res}        56         92         87 {txt}{c |}{res}       541 
                {txt}{c |}{res}     10.35      17.01      16.08 {txt}{c |}{res}    100.00 
{txt}{hline 16}{c +}{hline 33}{c +}{hline 10}
        Raichur {c |}{res}        44         62         50 {txt}{c |}{res}       219 
                {txt}{c |}{res}     20.09      28.31      22.83 {txt}{c |}{res}    100.00 
{txt}{hline 16}{c +}{hline 33}{c +}{hline 10}
     Ramanagara {c |}{res}        38         89         65 {txt}{c |}{res}       197 
                {txt}{c |}{res}     19.29      45.18      32.99 {txt}{c |}{res}    100.00 
{txt}{hline 16}{c +}{hline 33}{c +}{hline 10}
        Shimoga {c |}{res}        71         83         58 {txt}{c |}{res}       610 
                {txt}{c |}{res}     11.64      13.61       9.51 {txt}{c |}{res}    100.00 
{txt}{hline 16}{c +}{hline 33}{c +}{hline 10}
         Tumkur {c |}{res}        77         98        117 {txt}{c |}{res}       619 
                {txt}{c |}{res}     12.44      15.83      18.90 {txt}{c |}{res}    100.00 
{txt}{hline 16}{c +}{hline 33}{c +}{hline 10}
          Udupi {c |}{res}        45         43         32 {txt}{c |}{res}       269 
                {txt}{c |}{res}     16.73      15.99      11.90 {txt}{c |}{res}    100.00 
{txt}{hline 16}{c +}{hline 33}{c +}{hline 10}
  UttaraKannada {c |}{res}        68         75         71 {txt}{c |}{res}       556 
                {txt}{c |}{res}     12.23      13.49      12.77 {txt}{c |}{res}    100.00 
{txt}{hline 16}{c +}{hline 33}{c +}{hline 10}
         Yadgir {c |}{res}         0         10         23 {txt}{c |}{res}        33 
                {txt}{c |}{res}      0.00      30.30      69.70 {txt}{c |}{res}    100.00 
{txt}{hline 16}{c +}{hline 33}{c +}{hline 10}
          Total {c |}{res}     1,164      1,712      1,614 {txt}{c |}{res}     8,811 
                {txt}{c |}{res}     13.21      19.43      18.32 {txt}{c |}{res}    100.00 

{txt}
{com}. 
{txt}end of do-file

{com}. do "C:\Users\dhnsingh\AppData\Local\Temp\STD00000000.tmp"
{txt}
{com}. tab yr_applied product, row
{txt}
{c TLC}{hline 16}{c TRC}
{c |} Key{col 18}{c |}
{c LT}{hline 16}{c RT}
{c |}{space 3}{it:frequency}{col 18}{c |}
{c |}{space 1}{it:row percentage}{col 18}{c |}
{c BLC}{hline 16}{c BRC}

           {c |}                   product
yr_applied {c |} CookStove  GobarGa..  Greenwa..  SolarLi.. {c |}     Total
{hline 11}{c +}{hline 44}{c +}{hline 10}
      2012 {c |}{res}         0         96          0         85 {txt}{c |}{res}       181 
           {txt}{c |}{res}      0.00      53.04       0.00      46.96 {txt}{c |}{res}    100.00 
{txt}{hline 11}{c +}{hline 44}{c +}{hline 10}
      2013 {c |}{res}        12        371          0        432 {txt}{c |}{res}       815 
           {txt}{c |}{res}      1.47      45.52       0.00      53.01 {txt}{c |}{res}    100.00 
{txt}{hline 11}{c +}{hline 44}{c +}{hline 10}
      2014 {c |}{res}       513        419          0        720 {txt}{c |}{res}     1,652 
           {txt}{c |}{res}     31.05      25.36       0.00      43.58 {txt}{c |}{res}    100.00 
{txt}{hline 11}{c +}{hline 44}{c +}{hline 10}
      2015 {c |}{res}       547        156          0        970 {txt}{c |}{res}     1,673 
           {txt}{c |}{res}     32.70       9.32       0.00      57.98 {txt}{c |}{res}    100.00 
{txt}{hline 11}{c +}{hline 44}{c +}{hline 10}
      2016 {c |}{res}       312          0          0        852 {txt}{c |}{res}     1,164 
           {txt}{c |}{res}     26.80       0.00       0.00      73.20 {txt}{c |}{res}    100.00 
{txt}{hline 11}{c +}{hline 44}{c +}{hline 10}
      2017 {c |}{res}       524          0          0      1,188 {txt}{c |}{res}     1,712 
           {txt}{c |}{res}     30.61       0.00       0.00      69.39 {txt}{c |}{res}    100.00 
{txt}{hline 11}{c +}{hline 44}{c +}{hline 10}
      2018 {c |}{res}       458          0        172        984 {txt}{c |}{res}     1,614 
           {txt}{c |}{res}     28.38       0.00      10.66      60.97 {txt}{c |}{res}    100.00 
{txt}{hline 11}{c +}{hline 44}{c +}{hline 10}
     Total {c |}{res}     2,366      1,042        172      5,231 {txt}{c |}{res}     8,811 
           {txt}{c |}{res}     26.85      11.83       1.95      59.37 {txt}{c |}{res}    100.00 

{txt}
{com}. 
{txt}end of do-file

{com}. exit, clear
