---------------------------------------------------------------------------------------------------
      name:  <unnamed>
       log:  C:\Users\dhnsingh\Documents\day3\fed_log.log
  log type:  text
 opened on:   7 Oct 2019, 12:57:29

. set linesize 80

. set scheme s2color

. clear all

. macro drop _all

. 
. * Part I *
. /*
> * use fed.dta
> codebook
> notes
> * restricting variables
> keep YY1 Y1 hhsex age educ married kids race income checking internet
> save fed_data.dta, replace
> svyset YY1
> * checking acct and internet tabulations
> sum checking, d
> sum internet, d 
> * creating elementary variable
> gen fin_sec = 0
> replace fin_sec = 1 if checking > 50000 & internet == 1
> */
. * here we are defining financiallly secure individuals as those 
. * who have more than 50,000 in their checking accounts, 
. * and use the internet to conduct their banking services
. 
. 
. * Part II *
. use fed_data.dta

. * labelling some variables
. label var YY1 "ID1"

. label var Y1 "ID2"

. label var hhsex "Head of Household Sex"

. label var age "Age in Years"

. label var educ "Years of Education"

. label var married "Marital Status"

. label var kids "Number of Children"

. label var race "Race/Ethnicity"

. label var income "Income in Dollars, annually"

. label var internet "Internet Banking"

. label var checking "Checking Account Amount"

. 
. * labelling values
. label define sex 1 "Male" 2 "Female", replace

. label values hhsex sex 

. 
. * checking age spread
. sum age, d

                        Age in Years
-------------------------------------------------------------
      Percentiles      Smallest
 1%           22             18
 5%           26             18
10%           30             18       Obs              31,240
25%           40             18       Sum of Wgt.      31,240

50%           54                      Mean           52.70359
                        Largest       Std. Dev.      16.21476
75%           64             95
90%           74             95       Variance       262.9183
95%           80             95       Skewness       .0415392
99%           88             95       Kurtosis       2.312033

. hist age // more or less normally distributed
(bin=44, start=18, width=1.75)

. 
. * generating categorical variable based on age
. gen age_categ = ""
(31,240 missing values generated)

. replace age_categ = "Younger" if age <= 40
variable age_categ was str1 now str7
(8,015 real changes made)

. replace age_categ = "Mid" if age > 40 & age <= 54
(8,305 real changes made)

. replace age_categ = "Later" if age > 54 & age <= 64
(7,230 real changes made)

. replace age_categ = "Older" if age > 64
(7,690 real changes made)

.  
. * labelling race values
. label define racial_categ 1 "White" 2 "Black" 3 "Hispanic" 5 "Other"

. label values race racial_categ // for now keeping race as a num var

. 
. * Part III: Summary Statistics: Univariate
. sum age, d

                        Age in Years
-------------------------------------------------------------
      Percentiles      Smallest
 1%           22             18
 5%           26             18
10%           30             18       Obs              31,240
25%           40             18       Sum of Wgt.      31,240

50%           54                      Mean           52.70359
                        Largest       Std. Dev.      16.21476
75%           64             95
90%           74             95       Variance       262.9183
95%           80             95       Skewness       .0415392
99%           88             95       Kurtosis       2.312033

. 
. /*
>                 Age in Years
>                                 
>         Percentiles     Smallest
> 1%      22      18
> 5%      26      18
> 10%     30      18      Obs     31,240
> 25%     40      18      Sum of Wgt.     31,240
> 
> 50%     54              Mean    52.70359
>                 Largest Std. Dev.       16.21476
> 75%     64      95
> 90%     74      95      Variance        262.9183
> 95%     80      95      Skewness        .0415392
> 99%     88      95      Kurtosis        2.312033
> */
. 
. // Mean and median are roughly similar, signalling normaly distribution
. 
. tab hhsex *roughly 70% of households are headed by a male
variable *roughly not found
r(111);

end of do-file

r(111);

. do "C:\Users\dhnsingh\AppData\Local\Temp\STD1e9c_000000.tmp"

. tab hhsex 

    Head of |
  Household |
        Sex |      Freq.     Percent        Cum.
------------+-----------------------------------
       Male |     23,955       76.68       76.68
     Female |      7,285       23.32      100.00
------------+-----------------------------------
      Total |     31,240      100.00

. *roughly 70% of households are headed by a male
. 
. 
. sum educ, d

                     Years of Education
-------------------------------------------------------------
      Percentiles      Smallest
 1%            2             -1
 5%            5             -1
10%            7             -1       Obs              31,240
25%            8             -1       Sum of Wgt.      31,240

50%           10                      Mean           10.03505
                        Largest       Std. Dev.      2.796298
75%           12             14
90%           13             14       Variance       7.819284
95%           14             14       Skewness      -.7944201
99%           14             14       Kurtosis       3.659969

. // here even though mean and median are similar, there is skewness
. 
. * list can be used to to check the outliers, and faulty values
. list if educ < 0

       +----------------------------------------------------------------+
 1106. |  YY1 |    Y1 |  hhsex | age | educ | married | kids |     race |
       |  224 |  2241 | Female |  73 |   -1 |       2 |    0 |    White |
       |----------------------------------------------------------------|
       |        income   |   internet   |   checking    |   age_ca~g    |
       |   22278.00115   |          0   |         60    |      Older    |
       +----------------------------------------------------------------+

       +----------------------------------------------------------------+
 1107. |  YY1 |    Y1 |  hhsex | age | educ | married | kids |     race |
       |  224 |  2242 | Female |  73 |   -1 |       2 |    0 |    White |
       |----------------------------------------------------------------|
       |        income   |   internet   |   checking    |   age_ca~g    |
       |   22278.00115   |          0   |         50    |      Older    |
       +----------------------------------------------------------------+

       +----------------------------------------------------------------+
 1108. |  YY1 |    Y1 |  hhsex | age | educ | married | kids |     race |
       |  224 |  2243 | Female |  73 |   -1 |       2 |    0 |    White |
       |----------------------------------------------------------------|
       |        income   |   internet   |   checking    |   age_ca~g    |
       |   21265.36473   |          0   |         80    |      Older    |
       +----------------------------------------------------------------+

       +----------------------------------------------------------------+
 1109. |  YY1 |    Y1 |  hhsex | age | educ | married | kids |     race |
       |  224 |  2244 | Female |  73 |   -1 |       2 |    0 |    White |
       |----------------------------------------------------------------|
       |        income   |   internet   |   checking    |   age_ca~g    |
       |   21265.36473   |          0   |         80    |      Older    |
       +----------------------------------------------------------------+

       +----------------------------------------------------------------+
 1110. |  YY1 |    Y1 |  hhsex | age | educ | married | kids |     race |
       |  224 |  2245 | Female |  73 |   -1 |       2 |    0 |    White |
       |----------------------------------------------------------------|
       |        income   |   internet   |   checking    |   age_ca~g    |
       |   21265.36473   |          0   |         50    |      Older    |
       +----------------------------------------------------------------+

       +----------------------------------------------------------------+
 1791. |  YY1 |    Y1 |  hhsex | age | educ | married | kids |     race |
       |  361 |  3611 |   Male |  35 |   -1 |       1 |    2 |    White |
       |----------------------------------------------------------------|
       |        income   |   internet   |   checking    |   age_ca~g    |
       |   36454.91097   |          1   |          0    |    Younger    |
       +----------------------------------------------------------------+

       +----------------------------------------------------------------+
 1792. |  YY1 |    Y1 |  hhsex | age | educ | married | kids |     race |
       |  361 |  3612 |   Male |  35 |   -1 |       1 |    2 |    White |
       |----------------------------------------------------------------|
       |        income   |   internet   |   checking    |   age_ca~g    |
       |   36454.91097   |          1   |          0    |    Younger    |
       +----------------------------------------------------------------+

       +----------------------------------------------------------------+
 1793. |  YY1 |    Y1 |  hhsex | age | educ | married | kids |     race |
       |  361 |  3613 |   Male |  35 |   -1 |       1 |    2 |    White |
       |----------------------------------------------------------------|
       |        income   |   internet   |   checking    |   age_ca~g    |
       |   36454.91097   |          1   |          0    |    Younger    |
       +----------------------------------------------------------------+

       +----------------------------------------------------------------+
 1794. |  YY1 |    Y1 |  hhsex | age | educ | married | kids |     race |
       |  361 |  3614 |   Male |  35 |   -1 |       1 |    2 |    White |
       |----------------------------------------------------------------|
       |        income   |   internet   |   checking    |   age_ca~g    |
       |   36454.91097   |          1   |          0    |    Younger    |
       +----------------------------------------------------------------+

       +----------------------------------------------------------------+
 1795. |  YY1 |    Y1 |  hhsex | age | educ | married | kids |     race |
       |  361 |  3615 |   Male |  35 |   -1 |       1 |    2 |    White |
       |----------------------------------------------------------------|
       |        income   |   internet   |   checking    |   age_ca~g    |
       |   36454.91097   |          1   |          0    |    Younger    |
       +----------------------------------------------------------------+

       +----------------------------------------------------------------+
 3901. |  YY1 |    Y1 |  hhsex | age | educ | married | kids |     race |
       |  784 |  7841 | Female |  54 |   -1 |       2 |    1 | Hispanic |
       |----------------------------------------------------------------|
       |        income   |   internet   |   checking    |   age_ca~g    |
       |   23290.63756   |          0   |       8000    |        Mid    |
       +----------------------------------------------------------------+

       +----------------------------------------------------------------+
 3902. |  YY1 |    Y1 |  hhsex | age | educ | married | kids |     race |
       |  784 |  7842 | Female |  54 |   -1 |       2 |    1 | Hispanic |
       |----------------------------------------------------------------|
       |        income   |   internet   |   checking    |   age_ca~g    |
       |   23290.63756   |          0   |       8000    |        Mid    |
       +----------------------------------------------------------------+

       +----------------------------------------------------------------+
 3903. |  YY1 |    Y1 |  hhsex | age | educ | married | kids |     race |
       |  784 |  7843 | Female |  54 |   -1 |       2 |    1 | Hispanic |
       |----------------------------------------------------------------|
       |        income   |   internet   |   checking    |   age_ca~g    |
       |   23290.63756   |          0   |       8000    |        Mid    |
       +----------------------------------------------------------------+

       +----------------------------------------------------------------+
 3904. |  YY1 |    Y1 |  hhsex | age | educ | married | kids |     race |
       |  784 |  7844 | Female |  54 |   -1 |       2 |    1 | Hispanic |
       |----------------------------------------------------------------|
       |        income   |   internet   |   checking    |   age_ca~g    |
       |   23290.63756   |          0   |       8000    |        Mid    |
       +----------------------------------------------------------------+

       +----------------------------------------------------------------+
 3905. |  YY1 |    Y1 |  hhsex | age | educ | married | kids |     race |
       |  784 |  7845 | Female |  54 |   -1 |       2 |    1 | Hispanic |
       |----------------------------------------------------------------|
       |        income   |   internet   |   checking    |   age_ca~g    |
       |   23290.63756   |          0   |       8000    |        Mid    |
       +----------------------------------------------------------------+

       +----------------------------------------------------------------+
 8476. |  YY1 |    Y1 |  hhsex | age | educ | married | kids |     race |
       | 1700 | 17001 |   Male |  66 |   -1 |       1 |    3 | Hispanic |
       |----------------------------------------------------------------|
       |        income   |   internet   |   checking    |   age_ca~g    |
       |   20252.72832   |          1   |          0    |      Older    |
       +----------------------------------------------------------------+

       +----------------------------------------------------------------+
 8477. |  YY1 |    Y1 |  hhsex | age | educ | married | kids |     race |
       | 1700 | 17002 |   Male |  66 |   -1 |       1 |    3 | Hispanic |
       |----------------------------------------------------------------|
       |        income   |   internet   |   checking    |   age_ca~g    |
       |   20252.72832   |          1   |          0    |      Older    |
       +----------------------------------------------------------------+

       +----------------------------------------------------------------+
 8478. |  YY1 |    Y1 |  hhsex | age | educ | married | kids |     race |
       | 1700 | 17003 |   Male |  66 |   -1 |       1 |    3 | Hispanic |
       |----------------------------------------------------------------|
       |        income   |   internet   |   checking    |   age_ca~g    |
       |   20252.72832   |          1   |          0    |      Older    |
       +----------------------------------------------------------------+

       +----------------------------------------------------------------+
 8479. |  YY1 |    Y1 |  hhsex | age | educ | married | kids |     race |
       | 1700 | 17004 |   Male |  66 |   -1 |       1 |    3 | Hispanic |
       |----------------------------------------------------------------|
       |        income   |   internet   |   checking    |   age_ca~g    |
       |   20252.72832   |          1   |          0    |      Older    |
       +----------------------------------------------------------------+

       +----------------------------------------------------------------+
 8480. |  YY1 |    Y1 |  hhsex | age | educ | married | kids |     race |
       | 1700 | 17005 |   Male |  66 |   -1 |       1 |    3 | Hispanic |
       |----------------------------------------------------------------|
       |        income   |   internet   |   checking    |   age_ca~g    |
       |   20252.72832   |          1   |          0    |      Older    |
       +----------------------------------------------------------------+

       +----------------------------------------------------------------+
10251. |  YY1 |    Y1 |  hhsex | age | educ | married | kids |     race |
       | 2055 | 20551 |   Male |  75 |   -1 |       1 |    1 | Hispanic |
       |----------------------------------------------------------------|
       |        income   |   internet   |   checking    |   age_ca~g    |
       |   74935.09477   |          0   |          0    |      Older    |
       +----------------------------------------------------------------+

       +----------------------------------------------------------------+
10252. |  YY1 |    Y1 |  hhsex | age | educ | married | kids |     race |
       | 2055 | 20552 |   Male |  75 |   -1 |       1 |    1 | Hispanic |
       |----------------------------------------------------------------|
       |        income   |   internet   |   checking    |   age_ca~g    |
       |   73922.45836   |          0   |          0    |      Older    |
       +----------------------------------------------------------------+

       +----------------------------------------------------------------+
10253. |  YY1 |    Y1 |  hhsex | age | educ | married | kids |     race |
       | 2055 | 20553 |   Male |  75 |   -1 |       1 |    1 | Hispanic |
       |----------------------------------------------------------------|
       |        income   |   internet   |   checking    |   age_ca~g    |
       |   74935.09477   |          0   |          0    |      Older    |
       +----------------------------------------------------------------+

       +----------------------------------------------------------------+
10254. |  YY1 |    Y1 |  hhsex | age | educ | married | kids |     race |
       | 2055 | 20554 |   Male |  75 |   -1 |       1 |    1 | Hispanic |
       |----------------------------------------------------------------|
       |        income   |   internet   |   checking    |   age_ca~g    |
       |   74935.09477   |          0   |          0    |      Older    |
       +----------------------------------------------------------------+

       +----------------------------------------------------------------+
10255. |  YY1 |    Y1 |  hhsex | age | educ | married | kids |     race |
       | 2055 | 20555 |   Male |  75 |   -1 |       1 |    1 | Hispanic |
       |----------------------------------------------------------------|
       |        income   |   internet   |   checking    |   age_ca~g    |
       |   74935.09477   |          0   |          0    |      Older    |
       +----------------------------------------------------------------+

       +----------------------------------------------------------------+
11196. |  YY1 |    Y1 |  hhsex | age | educ | married | kids |     race |
       | 2244 | 22441 |   Male |  43 |   -1 |       1 |    3 | Hispanic |
       |----------------------------------------------------------------|
       |        income   |   internet   |   checking    |   age_ca~g    |
       |   34429.63814   |          0   |          0    |        Mid    |
       +----------------------------------------------------------------+

       +----------------------------------------------------------------+
11197. |  YY1 |    Y1 |  hhsex | age | educ | married | kids |     race |
       | 2244 | 22442 |   Male |  43 |   -1 |       1 |    3 | Hispanic |
       |----------------------------------------------------------------|
       |        income   |   internet   |   checking    |   age_ca~g    |
       |   34429.63814   |          0   |          0    |        Mid    |
       +----------------------------------------------------------------+

       +----------------------------------------------------------------+
11198. |  YY1 |    Y1 |  hhsex | age | educ | married | kids |     race |
       | 2244 | 22443 |   Male |  43 |   -1 |       1 |    3 | Hispanic |
       |----------------------------------------------------------------|
       |        income   |   internet   |   checking    |   age_ca~g    |
       |   34429.63814   |          0   |          0    |        Mid    |
       +----------------------------------------------------------------+

       +----------------------------------------------------------------+
11199. |  YY1 |    Y1 |  hhsex | age | educ | married | kids |     race |
       | 2244 | 22444 |   Male |  43 |   -1 |       1 |    3 | Hispanic |
       |----------------------------------------------------------------|
       |        income   |   internet   |   checking    |   age_ca~g    |
       |   34429.63814   |          0   |          0    |        Mid    |
       +----------------------------------------------------------------+

       +----------------------------------------------------------------+
11200. |  YY1 |    Y1 |  hhsex | age | educ | married | kids |     race |
       | 2244 | 22445 |   Male |  43 |   -1 |       1 |    3 | Hispanic |
       |----------------------------------------------------------------|
       |        income   |   internet   |   checking    |   age_ca~g    |
       |   34429.63814   |          0   |          0    |        Mid    |
       +----------------------------------------------------------------+

       +----------------------------------------------------------------+
13286. |  YY1 |    Y1 |  hhsex | age | educ | married | kids |     race |
       | 2664 | 26641 |   Male |  42 |   -1 |       1 |    1 | Hispanic |
       |----------------------------------------------------------------|
       |        income   |   internet   |   checking    |   age_ca~g    |
       |   37467.54739   |          0   |      10000    |        Mid    |
       +----------------------------------------------------------------+

       +----------------------------------------------------------------+
13287. |  YY1 |    Y1 |  hhsex | age | educ | married | kids |     race |
       | 2664 | 26642 |   Male |  42 |   -1 |       1 |    1 | Hispanic |
       |----------------------------------------------------------------|
       |        income   |   internet   |   checking    |   age_ca~g    |
       |   37467.54739   |          0   |      10000    |        Mid    |
       +----------------------------------------------------------------+

       +----------------------------------------------------------------+
13288. |  YY1 |    Y1 |  hhsex | age | educ | married | kids |     race |
       | 2664 | 26643 |   Male |  42 |   -1 |       1 |    1 | Hispanic |
       |----------------------------------------------------------------|
       |        income   |   internet   |   checking    |   age_ca~g    |
       |   37467.54739   |          0   |      10000    |        Mid    |
       +----------------------------------------------------------------+

       +----------------------------------------------------------------+
13289. |  YY1 |    Y1 |  hhsex | age | educ | married | kids |     race |
       | 2664 | 26644 |   Male |  42 |   -1 |       1 |    1 | Hispanic |
       |----------------------------------------------------------------|
       |        income   |   internet   |   checking    |   age_ca~g    |
       |   36454.91097   |          0   |      10000    |        Mid    |
       +----------------------------------------------------------------+

       +----------------------------------------------------------------+
13290. |  YY1 |    Y1 |  hhsex | age | educ | married | kids |     race |
       | 2664 | 26645 |   Male |  42 |   -1 |       1 |    1 | Hispanic |
       |----------------------------------------------------------------|
       |        income   |   internet   |   checking    |   age_ca~g    |
       |   37467.54739   |          0   |      10000    |        Mid    |
       +----------------------------------------------------------------+

       +----------------------------------------------------------------+
13316. |  YY1 |    Y1 |  hhsex | age | educ | married | kids |     race |
       | 2670 | 26701 | Female |  70 |   -1 |       2 |    0 | Hispanic |
       |----------------------------------------------------------------|
       |        income   |   internet   |   checking    |   age_ca~g    |
       |   21265.36473   |          0   |        400    |      Older    |
       +----------------------------------------------------------------+

       +----------------------------------------------------------------+
13317. |  YY1 |    Y1 |  hhsex | age | educ | married | kids |     race |
       | 2670 | 26702 | Female |  70 |   -1 |       2 |    0 | Hispanic |
       |----------------------------------------------------------------|
       |        income   |   internet   |   checking    |   age_ca~g    |
       |   16202.18265   |          0   |        400    |      Older    |
       +----------------------------------------------------------------+

       +----------------------------------------------------------------+
13318. |  YY1 |    Y1 |  hhsex | age | educ | married | kids |     race |
       | 2670 | 26703 | Female |  70 |   -1 |       2 |    0 | Hispanic |
       |----------------------------------------------------------------|
       |        income   |   internet   |   checking    |   age_ca~g    |
       |   18227.45549   |          0   |        400    |      Older    |
       +----------------------------------------------------------------+

       +----------------------------------------------------------------+
13319. |  YY1 |    Y1 |  hhsex | age | educ | married | kids |     race |
       | 2670 | 26704 | Female |  70 |   -1 |       2 |    0 | Hispanic |
       |----------------------------------------------------------------|
       |        income   |   internet   |   checking    |   age_ca~g    |
       |   14176.90982   |          0   |        400    |      Older    |
       +----------------------------------------------------------------+

       +----------------------------------------------------------------+
13320. |  YY1 |    Y1 |  hhsex | age | educ | married | kids |     race |
       | 2670 | 26705 | Female |  70 |   -1 |       2 |    0 | Hispanic |
       |----------------------------------------------------------------|
       |        income   |   internet   |   checking    |   age_ca~g    |
       |   16202.18265   |          0   |        400    |      Older    |
       +----------------------------------------------------------------+

       +----------------------------------------------------------------+
13896. |  YY1 |    Y1 |  hhsex | age | educ | married | kids |     race |
       | 2786 | 27861 |   Male |  76 |   -1 |       2 |    1 | Hispanic |
       |----------------------------------------------------------------|
       |        income   |   internet   |   checking    |   age_ca~g    |
       |   17214.81907   |          1   |       2500    |      Older    |
       +----------------------------------------------------------------+

       +----------------------------------------------------------------+
13897. |  YY1 |    Y1 |  hhsex | age | educ | married | kids |     race |
       | 2786 | 27862 |   Male |  76 |   -1 |       2 |    1 | Hispanic |
       |----------------------------------------------------------------|
       |        income   |   internet   |   checking    |   age_ca~g    |
       |   17214.81907   |          1   |       2500    |      Older    |
       +----------------------------------------------------------------+

       +----------------------------------------------------------------+
13898. |  YY1 |    Y1 |  hhsex | age | educ | married | kids |     race |
       | 2786 | 27863 |   Male |  76 |   -1 |       2 |    1 | Hispanic |
       |----------------------------------------------------------------|
       |        income   |   internet   |   checking    |   age_ca~g    |
       |   17214.81907   |          1   |       2500    |      Older    |
       +----------------------------------------------------------------+

       +----------------------------------------------------------------+
13899. |  YY1 |    Y1 |  hhsex | age | educ | married | kids |     race |
       | 2786 | 27864 |   Male |  76 |   -1 |       2 |    1 | Hispanic |
       |----------------------------------------------------------------|
       |        income   |   internet   |   checking    |   age_ca~g    |
       |   17214.81907   |          1   |       2500    |      Older    |
       +----------------------------------------------------------------+

       +----------------------------------------------------------------+
13900. |  YY1 |    Y1 |  hhsex | age | educ | married | kids |     race |
       | 2786 | 27865 |   Male |  76 |   -1 |       2 |    1 | Hispanic |
       |----------------------------------------------------------------|
       |        income   |   internet   |   checking    |   age_ca~g    |
       |   17214.81907   |          1   |       2500    |      Older    |
       +----------------------------------------------------------------+

       +----------------------------------------------------------------+
17451. |  YY1 |    Y1 |  hhsex | age | educ | married | kids |     race |
       | 3498 | 34981 |   Male |  35 |   -1 |       1 |    3 | Hispanic |
       |----------------------------------------------------------------|
       |        income   |   internet   |   checking    |   age_ca~g    |
       |   26328.54681   |          0   |          0    |    Younger    |
       +----------------------------------------------------------------+

       +----------------------------------------------------------------+
17452. |  YY1 |    Y1 |  hhsex | age | educ | married | kids |     race |
       | 3498 | 34982 |   Male |  35 |   -1 |       1 |    3 | Hispanic |
       |----------------------------------------------------------------|
       |        income   |   internet   |   checking    |   age_ca~g    |
       |   26328.54681   |          0   |          0    |    Younger    |
       +----------------------------------------------------------------+

       +----------------------------------------------------------------+
17453. |  YY1 |    Y1 |  hhsex | age | educ | married | kids |     race |
       | 3498 | 34983 |   Male |  35 |   -1 |       1 |    3 | Hispanic |
       |----------------------------------------------------------------|
       |        income   |   internet   |   checking    |   age_ca~g    |
       |   27341.18323   |          0   |          0    |    Younger    |
       +----------------------------------------------------------------+

       +----------------------------------------------------------------+
17454. |  YY1 |    Y1 |  hhsex | age | educ | married | kids |     race |
       | 3498 | 34984 |   Male |  35 |   -1 |       1 |    3 | Hispanic |
       |----------------------------------------------------------------|
       |        income   |   internet   |   checking    |   age_ca~g    |
       |   26328.54681   |          0   |          0    |    Younger    |
       +----------------------------------------------------------------+

       +----------------------------------------------------------------+
17455. |  YY1 |    Y1 |  hhsex | age | educ | married | kids |     race |
       | 3498 | 34985 |   Male |  35 |   -1 |       1 |    3 | Hispanic |
       |----------------------------------------------------------------|
       |        income   |   internet   |   checking    |   age_ca~g    |
       |   27341.18323   |          0   |          0    |    Younger    |
       +----------------------------------------------------------------+

       +----------------------------------------------------------------+
18446. |  YY1 |    Y1 |  hhsex | age | educ | married | kids |     race |
       | 3697 | 36971 |   Male |  38 |   -1 |       1 |    2 | Hispanic |
       |----------------------------------------------------------------|
       |        income   |   internet   |   checking    |   age_ca~g    |
       |   32404.36531   |          0   |          0    |    Younger    |
       +----------------------------------------------------------------+

       +----------------------------------------------------------------+
18447. |  YY1 |    Y1 |  hhsex | age | educ | married | kids |     race |
       | 3697 | 36972 |   Male |  38 |   -1 |       1 |    2 | Hispanic |
       |----------------------------------------------------------------|
       |        income   |   internet   |   checking    |   age_ca~g    |
       |    38480.1838   |          0   |          0    |    Younger    |
       +----------------------------------------------------------------+

       +----------------------------------------------------------------+
18448. |  YY1 |    Y1 |  hhsex | age | educ | married | kids |     race |
       | 3697 | 36973 |   Male |  38 |   -1 |       1 |    2 | Hispanic |
       |----------------------------------------------------------------|
       |        income   |   internet   |   checking    |   age_ca~g    |
       |   33417.00172   |          0   |          0    |    Younger    |
       +----------------------------------------------------------------+

       +----------------------------------------------------------------+
18449. |  YY1 |    Y1 |  hhsex | age | educ | married | kids |     race |
       | 3697 | 36974 |   Male |  38 |   -1 |       1 |    2 | Hispanic |
       |----------------------------------------------------------------|
       |        income   |   internet   |   checking    |   age_ca~g    |
       |   32404.36531   |          0   |          0    |    Younger    |
       +----------------------------------------------------------------+

       +----------------------------------------------------------------+
18450. |  YY1 |    Y1 |  hhsex | age | educ | married | kids |     race |
       | 3697 | 36975 |   Male |  38 |   -1 |       1 |    2 | Hispanic |
       |----------------------------------------------------------------|
       |        income   |   internet   |   checking    |   age_ca~g    |
       |   33417.00172   |          0   |          0    |    Younger    |
       +----------------------------------------------------------------+

       +----------------------------------------------------------------+
19371. |  YY1 |    Y1 |  hhsex | age | educ | married | kids |     race |
       | 3883 | 38831 |   Male |  55 |   -1 |       1 |    1 | Hispanic |
       |----------------------------------------------------------------|
       |        income   |   internet   |   checking    |   age_ca~g    |
       |   20252.72832   |          0   |          0    |      Later    |
       +----------------------------------------------------------------+

       +----------------------------------------------------------------+
19372. |  YY1 |    Y1 |  hhsex | age | educ | married | kids |     race |
       | 3883 | 38832 |   Male |  55 |   -1 |       1 |    1 | Hispanic |
       |----------------------------------------------------------------|
       |        income   |   internet   |   checking    |   age_ca~g    |
       |   20252.72832   |          0   |          0    |      Later    |
       +----------------------------------------------------------------+

       +----------------------------------------------------------------+
19373. |  YY1 |    Y1 |  hhsex | age | educ | married | kids |     race |
       | 3883 | 38833 |   Male |  55 |   -1 |       1 |    1 | Hispanic |
       |----------------------------------------------------------------|
       |        income   |   internet   |   checking    |   age_ca~g    |
       |   20252.72832   |          0   |          0    |      Later    |
       +----------------------------------------------------------------+

       +----------------------------------------------------------------+
19374. |  YY1 |    Y1 |  hhsex | age | educ | married | kids |     race |
       | 3883 | 38834 |   Male |  55 |   -1 |       1 |    1 | Hispanic |
       |----------------------------------------------------------------|
       |        income   |   internet   |   checking    |   age_ca~g    |
       |   20252.72832   |          0   |          0    |      Later    |
       +----------------------------------------------------------------+

       +----------------------------------------------------------------+
19375. |  YY1 |    Y1 |  hhsex | age | educ | married | kids |     race |
       | 3883 | 38835 |   Male |  55 |   -1 |       1 |    1 | Hispanic |
       |----------------------------------------------------------------|
       |        income   |   internet   |   checking    |   age_ca~g    |
       |   20252.72832   |          0   |          0    |      Later    |
       +----------------------------------------------------------------+

       +----------------------------------------------------------------+
21261. |  YY1 |    Y1 |  hhsex | age | educ | married | kids |     race |
       | 4263 | 42631 | Female |  58 |   -1 |       2 |    0 | Hispanic |
       |----------------------------------------------------------------|
       |        income   |   internet   |   checking    |   age_ca~g    |
       |   11139.00057   |          1   |          0    |      Later    |
       +----------------------------------------------------------------+

       +----------------------------------------------------------------+
21262. |  YY1 |    Y1 |  hhsex | age | educ | married | kids |     race |
       | 4263 | 42632 | Female |  58 |   -1 |       2 |    0 | Hispanic |
       |----------------------------------------------------------------|
       |        income   |   internet   |   checking    |   age_ca~g    |
       |   11139.00057   |          1   |          0    |      Later    |
       +----------------------------------------------------------------+

       +----------------------------------------------------------------+
21263. |  YY1 |    Y1 |  hhsex | age | educ | married | kids |     race |
       | 4263 | 42633 | Female |  58 |   -1 |       2 |    0 | Hispanic |
       |----------------------------------------------------------------|
       |        income   |   internet   |   checking    |   age_ca~g    |
       |   11139.00057   |          1   |          0    |      Later    |
       +----------------------------------------------------------------+

       +----------------------------------------------------------------+
21264. |  YY1 |    Y1 |  hhsex | age | educ | married | kids |     race |
       | 4263 | 42634 | Female |  58 |   -1 |       2 |    0 | Hispanic |
       |----------------------------------------------------------------|
       |        income   |   internet   |   checking    |   age_ca~g    |
       |   11139.00057   |          1   |          0    |      Later    |
       +----------------------------------------------------------------+

       +----------------------------------------------------------------+
21265. |  YY1 |    Y1 |  hhsex | age | educ | married | kids |     race |
       | 4263 | 42635 | Female |  58 |   -1 |       2 |    0 | Hispanic |
       |----------------------------------------------------------------|
       |        income   |   internet   |   checking    |   age_ca~g    |
       |   11139.00057   |          1   |          0    |      Later    |
       +----------------------------------------------------------------+

       +----------------------------------------------------------------+
21286. |  YY1 |    Y1 |  hhsex | age | educ | married | kids |     race |
       | 4268 | 42681 | Female |  64 |   -1 |       2 |    0 |    White |
       |----------------------------------------------------------------|
       |        income   |   internet   |   checking    |   age_ca~g    |
       |   14176.90982   |          0   |          0    |      Later    |
       +----------------------------------------------------------------+

       +----------------------------------------------------------------+
21287. |  YY1 |    Y1 |  hhsex | age | educ | married | kids |     race |
       | 4268 | 42682 | Female |  64 |   -1 |       2 |    0 |    White |
       |----------------------------------------------------------------|
       |        income   |   internet   |   checking    |   age_ca~g    |
       |   14176.90982   |          0   |          0    |      Later    |
       +----------------------------------------------------------------+

       +----------------------------------------------------------------+
21288. |  YY1 |    Y1 |  hhsex | age | educ | married | kids |     race |
       | 4268 | 42683 | Female |  64 |   -1 |       2 |    0 |    White |
       |----------------------------------------------------------------|
       |        income   |   internet   |   checking    |   age_ca~g    |
       |   12151.63699   |          0   |          0    |      Later    |
       +----------------------------------------------------------------+

       +----------------------------------------------------------------+
21289. |  YY1 |    Y1 |  hhsex | age | educ | married | kids |     race |
       | 4268 | 42684 | Female |  64 |   -1 |       2 |    0 |    White |
       |----------------------------------------------------------------|
       |        income   |   internet   |   checking    |   age_ca~g    |
       |   13164.27341   |          0   |          0    |      Later    |
       +----------------------------------------------------------------+

       +----------------------------------------------------------------+
21290. |  YY1 |    Y1 |  hhsex | age | educ | married | kids |     race |
       | 4268 | 42685 | Female |  64 |   -1 |       2 |    0 |    White |
       |----------------------------------------------------------------|
       |        income   |   internet   |   checking    |   age_ca~g    |
       |   12151.63699   |          0   |          0    |      Later    |
       +----------------------------------------------------------------+

       +----------------------------------------------------------------+
25986. |  YY1 |    Y1 |  hhsex | age | educ | married | kids |     race |
       | 5209 | 52091 |   Male |  64 |   -1 |       2 |    0 | Hispanic |
       |----------------------------------------------------------------|
       |        income   |   internet   |   checking    |   age_ca~g    |
       |   4253.072947   |          0   |          0    |      Later    |
       +----------------------------------------------------------------+

       +----------------------------------------------------------------+
25987. |  YY1 |    Y1 |  hhsex | age | educ | married | kids |     race |
       | 5209 | 52092 |   Male |  64 |   -1 |       2 |    0 | Hispanic |
       |----------------------------------------------------------------|
       |        income   |   internet   |   checking    |   age_ca~g    |
       |   4151.809305   |          0   |          0    |      Later    |
       +----------------------------------------------------------------+

       +----------------------------------------------------------------+
25988. |  YY1 |    Y1 |  hhsex | age | educ | married | kids |     race |
       | 5209 | 52093 |   Male |  64 |   -1 |       2 |    0 | Hispanic |
       |----------------------------------------------------------------|
       |        income   |   internet   |   checking    |   age_ca~g    |
       |   4050.545663   |          0   |          0    |      Later    |
       +----------------------------------------------------------------+

       +----------------------------------------------------------------+
25989. |  YY1 |    Y1 |  hhsex | age | educ | married | kids |     race |
       | 5209 | 52094 |   Male |  64 |   -1 |       2 |    0 | Hispanic |
       |----------------------------------------------------------------|
       |        income   |   internet   |   checking    |   age_ca~g    |
       |   4050.545663   |          0   |          0    |      Later    |
       +----------------------------------------------------------------+

       +----------------------------------------------------------------+
25990. |  YY1 |    Y1 |  hhsex | age | educ | married | kids |     race |
       | 5209 | 52095 |   Male |  64 |   -1 |       2 |    0 | Hispanic |
       |----------------------------------------------------------------|
       |        income   |   internet   |   checking    |   age_ca~g    |
       |   4050.545663   |          0   |          0    |      Later    |
       +----------------------------------------------------------------+

. sum if educ == 14

    Variable |        Obs        Mean    Std. Dev.       Min        Max
-------------+---------------------------------------------------------
         YY1 |      2,289    3099.056    1804.449         18       6248
          Y1 |      2,289    30993.56    18044.49        181      62485
       hhsex |      2,289    1.098296    .2977798          1          2
         age |      2,289    58.90345    14.03333         27         92
        educ |      2,289          14           0         14         14
-------------+---------------------------------------------------------
     married |      2,289    1.192224     .394134          1          2
        kids |      2,289    .7697685    1.140802          0          6
        race |      2,289    1.474006    1.218072          1          5
      income |      2,289     2077995     7321290          0   1.28e+08
    internet |      2,289    .9314111     .252809          0          1
-------------+---------------------------------------------------------
    checking |      2,289    141714.2     1041035          0   2.11e+07
   age_categ |          0

. 
. * on avg, ppl w/ 14 yrs of schooling, have 100 k in their checking accounts
. * and 2 million in hh income annually
. * typically white male, age 58, and with kids
. 
. * testing skewness for edu
. sktest educ

                    Skewness/Kurtosis tests for Normality
                                                          ------ joint ------
    Variable |        Obs  Pr(Skewness)  Pr(Kurtosis) adj chi2(2)   Prob>chi2
-------------+---------------------------------------------------------------
        educ |     31,240     0.0000        0.0000           .              .

. sktest age // a bit tricky, hopefully won't be on the test

                    Skewness/Kurtosis tests for Normality
                                                          ------ joint ------
    Variable |        Obs  Pr(Skewness)  Pr(Kurtosis) adj chi2(2)   Prob>chi2
-------------+---------------------------------------------------------------
         age |     31,240     0.0027        0.0000           .              .

. 
. * Part IV: Two way descriptive statistics, Bivariate/Multivariate
. gen inc_quartiles = ""
(31,240 missing values generated)

. replace inc_quartiles = "quartile_1" if income < 31392
variable inc_quartiles was str1 now str10
(7,811 real changes made)

. replace inc_quartiles = "quartile_2" if income >= 31392 & income < 69264 
(7,807 real changes made)

. replace inc_quartiles = "quartile_3" if income >= 69264 & income < 163034
(7,806 real changes made)

. replace inc_quartiles = "quartile_4" if income >= 163034
(7,816 real changes made)

. 
. tab inc_quartiles

inc_quartil |
         es |      Freq.     Percent        Cum.
------------+-----------------------------------
 quartile_1 |      7,811       25.00       25.00
 quartile_2 |      7,807       24.99       49.99
 quartile_3 |      7,806       24.99       74.98
 quartile_4 |      7,816       25.02      100.00
------------+-----------------------------------
      Total |     31,240      100.00

. 
. * cross-tabs
. tab inc_quartiles race

inc_quarti |               Race/Ethnicity
       les |     White      Black   Hispanic      Other |     Total
-----------+--------------------------------------------+----------
quartile_1 |     4,416      1,817      1,164        414 |     7,811 
quartile_2 |     5,150      1,290      1,082        285 |     7,807 
quartile_3 |     5,895        833        628        450 |     7,806 
quartile_4 |     6,940        237        185        454 |     7,816 
-----------+--------------------------------------------+----------
     Total |    22,401      4,177      3,059      1,603 |    31,240 

. 
. /*
> inc_quarti |               Race/Ethnicity
>        les |     White      Black   Hispanic      Other |     Total
> -----------+--------------------------------------------+----------
> quartile_1 |     4,416      1,817      1,164        414 |     7,811 
> quartile_2 |     5,150      1,290      1,082        285 |     7,807 
> quartile_3 |     5,895        833        628        450 |     7,806 
> quartile_4 |     6,940        237        185        454 |     7,816 
> -----------+--------------------------------------------+----------
>      Total |    22,401      4,177      3,059      1,603 |    31,240 
> */
. 
. tabulate race, summarize(income)

            |    Summary of Income in Dollars,
Race/Ethnic |              annually
        ity |        Mean   Std. Dev.       Freq.
------------+------------------------------------
      White |   1039350.4   6382705.4      22,401
      Black |   144540.19   1169202.3       4,177
   Hispanic |   97603.575   373379.37       3,059
      Other |   499996.86   2306589.9       1,603
------------+------------------------------------
      Total |   799817.44   5461925.7      31,240

. /*
>           |    Summary of Income in Dollars,
> Race/Ethnic |              annually
>         ity |        Mean   Std. Dev.       Freq.
> ------------+------------------------------------
>       White |   1039350.4   6382705.4      22,401
>       Black |   144540.19   1169202.3       4,177
>    Hispanic |   97603.575   373379.37       3,059
>       Other |   499996.86   2306589.9       1,603
> ------------+------------------------------------
>       Total |   799817.44   5461925.7      31,240
> */
. 
. 
. tabulate inc_quartile, summarize(age) //avg age for each quartile is roughly 5
> 0

inc_quartil |       Summary of Age in Years
         es |        Mean   Std. Dev.       Freq.
------------+------------------------------------
 quartile_1 |   50.934195   18.428212       7,811
 quartile_2 |   49.605995   17.131023       7,807
 quartile_3 |   51.850756   14.758813       7,806
 quartile_4 |   58.417605   12.442353       7,816
------------+------------------------------------
      Total |   52.703585   16.214756      31,240

.                                                                         // wit
> h avg age for quartile 4 at 58
.                                                                         
. * twoway table by race and age
. tabulate race age_categ, summarize (income)                                   
>                                   

 Means, Standard Deviations and Frequencies of Income in Dollars, annually

Race/Ethni |                age_categ
      city |     Later        Mid      Older    Younger |     Total
-----------+--------------------------------------------+----------
     White | 1301272.3  941539.94  1553346.5  153741.05 | 1039350.4
           | 5012483.2  5506168.8  9634644.4  890382.81 | 6382705.4
           |      5770       5409       6399       4823 |     22401
-----------+--------------------------------------------+----------
     Black | 117617.21  67651.339  195430.81  203236.35 | 144540.19
           | 590727.64  86675.752  1001493.6  1828581.6 | 1169202.3
           |       751       1292        730       1404 |      4177
-----------+--------------------------------------------+----------
  Hispanic | 214522.84  90385.743  131319.53  49606.327 | 97603.575
           | 725255.16  328394.65  423603.56  37590.586 | 373379.37
           |       455       1039        360       1205 |      3059
-----------+--------------------------------------------+----------
     Other | 1179042.6  465805.94  792869.63  136313.89 | 499996.86
           | 5190650.9  1060595.1  1975412.6  369972.05 | 2306589.9
           |       254        565        201        583 |      1603
-----------+--------------------------------------------+----------
     Total | 1105637.1  666741.27  1337993.6  145487.65 | 799817.44
           | 4609224.5  4470457.5  8813856.9  1036609.7 | 5461925.7
           |      7230       8305       7690       8015 |     31240

. 
. /*
> Race/Ethni |                age_categ
>       city |     Later        Mid      Older    Younger |     Total
> -----------+--------------------------------------------+----------
>      White | 1301272.3  941539.94  1553346.5  153741.05 | 1039350.4
>            | 5012483.2  5506168.8  9634644.4  890382.81 | 6382705.4
>            |      5770       5409       6399       4823 |     22401
> -----------+--------------------------------------------+----------
>      Black | 117617.21  67651.339  195430.81  203236.35 | 144540.19
>            | 590727.64  86675.752  1001493.6  1828581.6 | 1169202.3
>            |       751       1292        730       1404 |      4177
> -----------+--------------------------------------------+----------
>   Hispanic | 214522.84  90385.743  131319.53  49606.327 | 97603.575
>            | 725255.16  328394.65  423603.56  37590.586 | 373379.37
>            |       455       1039        360       1205 |      3059
> -----------+--------------------------------------------+----------
>      Other | 1179042.6  465805.94  792869.63  136313.89 | 499996.86
>            | 5190650.9  1060595.1  1975412.6  369972.05 | 2306589.9
>            |       254        565        201        583 |      1603
> -----------+--------------------------------------------+----------
>      Total | 1105637.1  666741.27  1337993.6  145487.65 | 799817.44
>            | 4609224.5  4470457.5  8813856.9  1036609.7 | 5461925.7
>            |      7230       8305       7690       8015 |     31240
> */
. 
. // older whites have about $1,553,346 on average
. // younger hispanics, about $49,606 on average
. 
. * time for a quick duplicate check
. duplicates report

Duplicates in terms of all variables

--------------------------------------
   copies | observations       surplus
----------+---------------------------
        1 |        31240             0
--------------------------------------

. 
. * Part 5: Twoway plots
. twoway scatter income age

. sum income if income < 3000000

    Variable |        Obs        Mean    Std. Dev.       Min        Max
-------------+---------------------------------------------------------
      income |     29,581    186292.7    400516.6          0    2997404

. twoway (scatter income age if income < 3000000) (lfit income age)

. 
. * ssc install binscatter
. binscatter income age // shows a clear positive correlation
command binscatter is unrecognized
r(199);

end of do-file

r(199);

. do "C:\Users\dhnsingh\AppData\Local\Temp\STD1e9c_000000.tmp"

. ssc install binscatter
checking binscatter consistency and verifying not already installed...
installing into c:\ado\plus\...
installation complete.

. binscatter income age // shows a clear positive correlation

. 
. * Part 6: Correlations (must be num vars) and Covariances 
. correlate income age race educ kids internet checking hhsex
(obs=31,240)

             |   income      age     race     educ     kids internet checking
-------------+---------------------------------------------------------------
      income |   1.0000
         age |   0.0807   1.0000
        race |  -0.0510  -0.1870   1.0000
        educ |   0.1144   0.0554  -0.1391   1.0000
        kids |   0.0045  -0.3395   0.1210  -0.0541   1.0000
    internet |   0.0403  -0.2882  -0.0389   0.3443   0.1303   1.0000
    checking |   0.2362   0.0503  -0.0340   0.0685  -0.0148   0.0168   1.0000
       hhsex |  -0.0683   0.0117   0.0469  -0.0978  -0.0519  -0.1431  -0.0421

             |    hhsex
-------------+---------
       hhsex |   1.0000


. 
. * strongest correlations b/w income and education, but also checking accounts
. 
. /*
>              |   income      age     race     educ     kids internet checking 
>    hhsex
> -------------+----------------------------------------------------------------
> --------
>       income |   1.0000
>          age |   0.0807   1.0000
>         race |  -0.0510  -0.1870   1.0000
>         educ |   0.1144   0.0554  -0.1391   1.0000
>         kids |   0.0045  -0.3395   0.1210  -0.0541   1.0000
>     internet |   0.0403  -0.2882  -0.0389   0.3443   0.1303   1.0000
>     checking |   0.2362   0.0503  -0.0340   0.0685  -0.0148   0.0168   1.0000
>        hhsex |  -0.0683   0.0117   0.0469  -0.0978  -0.0519  -0.1431  -0.0421 
>   1.0000
> */
. 
. correlate income age race educ kids internet checking hhsex, covariance
(obs=31,240)

             |   income      age     race     educ     kids internet checking
-------------+---------------------------------------------------------------
      income |  3.0e+13
         age |  7.1e+06  262.918
        race |  -286683 -3.12295  1.06041
        educ |  1.7e+06   2.5098 -.400576  7.81928
        kids |  27534.8 -6.22537   .14089 -.171166  1.27893
    internet |  83603.9 -1.77674 -.015222  .365981  .056037  .144525
    checking |  7.9e+11   502481 -21544.7   118010 -10320.2  3934.65  3.8e+11
       hhsex |  -157682  .080168  .020424 -.115668 -.024817    -.023 -10959.9

             |    hhsex
-------------+---------
       hhsex |  .178821


. 
. // covariance matrix is below
. /*
>             |   income      age     race     educ     kids internet checking  
>   hhsex
> -------------+----------------------------------------------------------------
> --------
>       income |  3.0e+13
>          age |  7.1e+06  262.918
>         race |  -286683 -3.12295  1.06041
>         educ |  1.7e+06   2.5098 -.400576  7.81928
>         kids |  27534.8 -6.22537   .14089 -.171166  1.27893
>     internet |  83603.9 -1.77674 -.015222  .365981  .056037  .144525
>     checking |  7.9e+11   502481 -21544.7   118010 -10320.2  3934.65  3.8e+11
>        hhsex |  -157682  .080168  .020424 -.115668 -.024817    -.023 -10959.9 
>  .178821
> */
. // again the signs of the values are a good indicator of the direction of the 
> relation
. 
. * pearson's and spearman's are more advanced commands for correlational matric
> es
. * log transformations are another advanced function to be performed as needed
. 
. 
. 
. 
. 
end of do-file

. do "C:\Users\dhnsingh\AppData\Local\Temp\STD1e9c_000000.tmp"

. save fed_data1, clear
option clear not allowed
r(198);

end of do-file

r(198);

. do "C:\Users\dhnsingh\AppData\Local\Temp\STD1e9c_000000.tmp"

. save fed_data1
file fed_data1.dta saved

. 
end of do-file

. do "C:\Users\dhnsingh\AppData\Local\Temp\STD1e9c_000000.tmp"

. use fed_data, clear

. 
end of do-file

. do "C:\Users\dhnsingh\AppData\Local\Temp\STD1e9c_000000.tmp"

. use fed_orig, clear

. 
end of do-file

. tab thrift

     thrift |      Freq.     Percent        Cum.
------------+-----------------------------------
          0 |     20,419       65.36       65.36
         30 |          6        0.02       65.38
         40 |          2        0.01       65.39
         50 |         11        0.04       65.42
         70 |          5        0.02       65.44
         80 |          8        0.03       65.46
         90 |          6        0.02       65.48
        100 |         14        0.04       65.53
        110 |          1        0.00       65.53
        120 |          5        0.02       65.55
        130 |          2        0.01       65.55
        140 |          5        0.02       65.57
        160 |          3        0.01       65.58
        170 |          6        0.02       65.60
        180 |          4        0.01       65.61
        190 |          2        0.01       65.62
        200 |         26        0.08       65.70
        220 |          2        0.01       65.71
        240 |          4        0.01       65.72
        250 |          5        0.02       65.74
        260 |          1        0.00       65.74
        270 |          2        0.01       65.75
        280 |          1        0.00       65.75
        290 |          1        0.00       65.75
        300 |         10        0.03       65.78
        310 |          6        0.02       65.80
        320 |          1        0.00       65.81
        330 |          6        0.02       65.83
        340 |          3        0.01       65.84
        350 |          1        0.00       65.84
        360 |          3        0.01       65.85
        370 |          3        0.01       65.86
        380 |          7        0.02       65.88
        390 |          7        0.02       65.90
        400 |         15        0.05       65.95
        410 |          1        0.00       65.95
        420 |          3        0.01       65.96
        430 |          1        0.00       65.97
        440 |          1        0.00       65.97
        460 |          4        0.01       65.98
        470 |          2        0.01       65.99
        480 |          1        0.00       65.99
        490 |          1        0.00       66.00
        500 |         52        0.17       66.16
        510 |          1        0.00       66.17
        520 |          6        0.02       66.18
        530 |          7        0.02       66.21
        540 |          2        0.01       66.21
        550 |          3        0.01       66.22
        560 |          2        0.01       66.23
        570 |          3        0.01       66.24
        580 |          4        0.01       66.25
        590 |          1        0.00       66.25
        600 |         21        0.07       66.32
        610 |          1        0.00       66.33
        620 |          3        0.01       66.33
        650 |          1        0.00       66.34
        660 |          3        0.01       66.35
        670 |          3        0.01       66.36
        680 |          4        0.01       66.37
        690 |          3        0.01       66.38
        700 |         13        0.04       66.42
        710 |          4        0.01       66.43
        720 |          1        0.00       66.44
        730 |          1        0.00       66.44
        750 |          8        0.03       66.47
        780 |          1        0.00       66.47
        800 |         13        0.04       66.51
        810 |          2        0.01       66.52
        820 |          3        0.01       66.53
        830 |          2        0.01       66.53
        840 |          5        0.02       66.55
        850 |          1        0.00       66.55
        860 |          8        0.03       66.58
        870 |          2        0.01       66.58
        880 |          1        0.00       66.59
        900 |         14        0.04       66.63
        910 |          6        0.02       66.65
        930 |          3        0.01       66.66
        950 |          2        0.01       66.67
        970 |          1        0.00       66.67
        980 |          1        0.00       66.67
        990 |          3        0.01       66.68
       1000 |         77        0.25       66.93
       1100 |         27        0.09       67.02
       1200 |         30        0.10       67.11
       1300 |         31        0.10       67.21
       1400 |         27        0.09       67.30
       1480 |          1        0.00       67.30
       1500 |         31        0.10       67.40
       1530 |          1        0.00       67.40
       1600 |         32        0.10       67.51
       1630 |          1        0.00       67.51
       1700 |         26        0.08       67.59
       1790 |          1        0.00       67.60
       1800 |         17        0.05       67.65
       1900 |         16        0.05       67.70
       2000 |        100        0.32       68.02
       2100 |         15        0.05       68.07
       2200 |         23        0.07       68.14
       2240 |          1        0.00       68.15
       2250 |          1        0.00       68.15
       2290 |          1        0.00       68.15
       2300 |          7        0.02       68.18
       2330 |          1        0.00       68.18
       2400 |         14        0.04       68.22
       2440 |          2        0.01       68.23
       2500 |         42        0.13       68.36
       2600 |         14        0.04       68.41
       2690 |          1        0.00       68.41
       2700 |         24        0.08       68.49
       2730 |          1        0.00       68.49
       2800 |         15        0.05       68.54
       2900 |          9        0.03       68.57
       2910 |          1        0.00       68.57
       2920 |          1        0.00       68.58
       3000 |        111        0.36       68.93
       3100 |         12        0.04       68.97
       3200 |         12        0.04       69.01
       3300 |         13        0.04       69.05
       3360 |          1        0.00       69.05
       3400 |         11        0.04       69.09
       3500 |          4        0.01       69.10
       3600 |         16        0.05       69.15
       3690 |          1        0.00       69.15
       3700 |          8        0.03       69.18
       3800 |         29        0.09       69.27
       3900 |          9        0.03       69.30
       4000 |         45        0.14       69.45
       4100 |         11        0.04       69.48
       4200 |          7        0.02       69.50
       4300 |          7        0.02       69.53
       4400 |          8        0.03       69.55
       4500 |         22        0.07       69.62
       4600 |          2        0.01       69.63
       4700 |          9        0.03       69.66
       4800 |         23        0.07       69.73
       4900 |          9        0.03       69.76
       5000 |        176        0.56       70.32
       5030 |          1        0.00       70.33
       5100 |          7        0.02       70.35
       5200 |         11        0.04       70.38
       5290 |          1        0.00       70.39
       5300 |          8        0.03       70.41
       5400 |          6        0.02       70.43
       5500 |         25        0.08       70.51
       5600 |         14        0.04       70.56
       5700 |          6        0.02       70.58
       5800 |          7        0.02       70.60
       5830 |          1        0.00       70.60
       5900 |          3        0.01       70.61
       6000 |         56        0.18       70.79
       6100 |          8        0.03       70.82
       6200 |         19        0.06       70.88
       6300 |         11        0.04       70.91
       6400 |          9        0.03       70.94
       6500 |         28        0.09       71.03
       6600 |          4        0.01       71.04
       6650 |          1        0.00       71.05
       6700 |          4        0.01       71.06
       6800 |          9        0.03       71.09
       6900 |         12        0.04       71.13
       7000 |         26        0.08       71.21
       7030 |          1        0.00       71.21
       7100 |          3        0.01       71.22
       7200 |          3        0.01       71.23
       7300 |          3        0.01       71.24
       7400 |          9        0.03       71.27
       7500 |         35        0.11       71.38
       7600 |          9        0.03       71.41
       7700 |          3        0.01       71.42
       7800 |         13        0.04       71.46
       7900 |          8        0.03       71.49
       7950 |          5        0.02       71.50
       8000 |         77        0.25       71.75
       8010 |          1        0.00       71.75
       8100 |          9        0.03       71.78
       8200 |         13        0.04       71.82
       8300 |          3        0.01       71.83
       8400 |          5        0.02       71.85
       8500 |          9        0.03       71.88
       8600 |         17        0.05       71.93
       8700 |          4        0.01       71.95
       8800 |          3        0.01       71.96
       8830 |          5        0.02       71.97
       8900 |         16        0.05       72.02
       9000 |         62        0.20       72.22
       9100 |          1        0.00       72.22
       9200 |          8        0.03       72.25
       9300 |         10        0.03       72.28
       9400 |          8        0.03       72.31
       9500 |         14        0.04       72.35
       9600 |          5        0.02       72.37
       9620 |          1        0.00       72.37
       9700 |          4        0.01       72.38
       9800 |         10        0.03       72.42
       9840 |          1        0.00       72.42
       9900 |          4        0.01       72.43
      10000 |        197        0.63       73.06
      10200 |          1        0.00       73.07
      10400 |          7        0.02       73.09
      10420 |          1        0.00       73.09
      10500 |          1        0.00       73.10
      10800 |          1        0.00       73.10
      11000 |         75        0.24       73.34
      11100 |          2        0.01       73.35
      11500 |         10        0.03       73.38
      11700 |          1        0.00       73.38
      11780 |          1        0.00       73.38
      12000 |         74        0.24       73.62
      12200 |          1        0.00       73.62
      12300 |          1        0.00       73.63
      12800 |          1        0.00       73.63
      12810 |          1        0.00       73.63
      13000 |         80        0.26       73.89
      13100 |          2        0.01       73.90
      13780 |          1        0.00       73.90
      13800 |          2        0.01       73.91
      13900 |          6        0.02       73.92
      14000 |         55        0.18       74.10
      14100 |          1        0.00       74.10
      14300 |          1        0.00       74.11
      14500 |          3        0.01       74.12
      14800 |          1        0.00       74.12
      15000 |        147        0.47       74.59
      15100 |          1        0.00       74.59
      15200 |          1        0.00       74.60
      15300 |          6        0.02       74.62
      15400 |          2        0.01       74.62
      15500 |          6        0.02       74.64
      15700 |          1        0.00       74.64
      15800 |          1        0.00       74.65
      15900 |          1        0.00       74.65
      16000 |         87        0.28       74.93
      16100 |          1        0.00       74.93
      16200 |          4        0.01       74.95
      16500 |          1        0.00       74.95
      16600 |          3        0.01       74.96
      16900 |          1        0.00       74.96
      17000 |         61        0.20       75.16
      17200 |          2        0.01       75.16
      17500 |          5        0.02       75.18
      17600 |          6        0.02       75.20
      17700 |          1        0.00       75.20
      18000 |         83        0.27       75.47
      18200 |          1        0.00       75.47
      18400 |          1        0.00       75.47
      18500 |          1        0.00       75.48
      18600 |          1        0.00       75.48
      18700 |          4        0.01       75.49
      18900 |          4        0.01       75.51
      19000 |         44        0.14       75.65
      19100 |          1        0.00       75.65
      19200 |          1        0.00       75.65
      19600 |          1        0.00       75.66
      19700 |          3        0.01       75.67
      20000 |        144        0.46       76.13
      21000 |         33        0.11       76.23
      21200 |          1        0.00       76.24
      21300 |          1        0.00       76.24
      21400 |          1        0.00       76.24
      21800 |          1        0.00       76.25
      22000 |         58        0.19       76.43
      22600 |          5        0.02       76.45
      22800 |          1        0.00       76.45
      23000 |         54        0.17       76.62
      23200 |          1        0.00       76.63
      23300 |          2        0.01       76.63
      23890 |          1        0.00       76.64
      23900 |          2        0.01       76.64
      24000 |         38        0.12       76.76
      24300 |          1        0.00       76.77
      24400 |          1        0.00       76.77
      24500 |          1        0.00       76.77
      24750 |          1        0.00       76.78
      25000 |        118        0.38       77.15
      25100 |          1        0.00       77.16
      26000 |         28        0.09       77.25
      26100 |          1        0.00       77.25
      26600 |          1        0.00       77.25
      26800 |          1        0.00       77.26
      27000 |         37        0.12       77.38
      27900 |          1        0.00       77.38
      28000 |         50        0.16       77.54
      28600 |          1        0.00       77.54
      29000 |         28        0.09       77.63
      29100 |          1        0.00       77.63
      29500 |          1        0.00       77.64
      29600 |          2        0.01       77.64
      29700 |          2        0.01       77.65
      29800 |          1        0.00       77.65
      29900 |          1        0.00       77.66
      30000 |        137        0.44       78.10
      30100 |          2        0.01       78.10
      30700 |          1        0.00       78.10
      31000 |         23        0.07       78.18
      31100 |          1        0.00       78.18
      31300 |          2        0.01       78.19
      31600 |          1        0.00       78.19
      31800 |          1        0.00       78.19
      32000 |         44        0.14       78.34
      32100 |          1        0.00       78.34
      33000 |         37        0.12       78.46
      33800 |          1        0.00       78.46
      33900 |          1        0.00       78.46
      34000 |         26        0.08       78.55
      34300 |          1        0.00       78.55
      35000 |         83        0.27       78.82
      36000 |         40        0.13       78.94
      36200 |          1        0.00       78.95
      37000 |         12        0.04       78.99
      37500 |          1        0.00       78.99
      38000 |         33        0.11       79.09
      39000 |         22        0.07       79.16
      40000 |        129        0.41       79.58
      40200 |          3        0.01       79.59
      40230 |          1        0.00       79.59
      40290 |          1        0.00       79.59
      40350 |          1        0.00       79.60
      41000 |         23        0.07       79.67
      41700 |          1        0.00       79.67
      42000 |         27        0.09       79.76
      42440 |          1        0.00       79.76
      42600 |          1        0.00       79.77
      43000 |         22        0.07       79.84
      43100 |          1        0.00       79.84
      43900 |          1        0.00       79.84
      44000 |         19        0.06       79.90
      44900 |          4        0.01       79.92
      45000 |         63        0.20       80.12
      45200 |          1        0.00       80.12
      45600 |          1        0.00       80.12
      45800 |          1        0.00       80.13
      46000 |         24        0.08       80.20
      46300 |          1        0.00       80.21
      46500 |          5        0.02       80.22
      47000 |         21        0.07       80.29
      47600 |          1        0.00       80.29
      47700 |          1        0.00       80.30
      48000 |         34        0.11       80.41
      48100 |          1        0.00       80.41
      48300 |          1        0.00       80.41
      49000 |         25        0.08       80.49
      49200 |          1        0.00       80.50
      49700 |          5        0.02       80.51
      50000 |        142        0.45       80.97
      50100 |          1        0.00       80.97
      51000 |         17        0.05       81.02
      51100 |          1        0.00       81.03
      51400 |          5        0.02       81.04
      51800 |          7        0.02       81.07
      52000 |         27        0.09       81.15
      52600 |          1        0.00       81.16
      53000 |         23        0.07       81.23
      53520 |          1        0.00       81.23
      53560 |          1        0.00       81.24
      53600 |          1        0.00       81.24
      53610 |          1        0.00       81.24
      53620 |          1        0.00       81.25
      53630 |          1        0.00       81.25
      53800 |          1        0.00       81.25
      54000 |         17        0.05       81.31
      55000 |         26        0.08       81.39
      55500 |          5        0.02       81.41
      56000 |         21        0.07       81.47
      56700 |          1        0.00       81.48
      57000 |         31        0.10       81.57
      58000 |         22        0.07       81.65
      58500 |          1        0.00       81.65
      59000 |          9        0.03       81.68
      59400 |          1        0.00       81.68
      59600 |          1        0.00       81.68
      60000 |         94        0.30       81.98
      60800 |          1        0.00       81.99
      61000 |          8        0.03       82.01
      61500 |          1        0.00       82.02
      61700 |          1        0.00       82.02
      62000 |         24        0.08       82.10
      62100 |          1        0.00       82.10
      63000 |          7        0.02       82.12
      64000 |         24        0.08       82.20
      64500 |          5        0.02       82.22
      64600 |          1        0.00       82.22
      65000 |         34        0.11       82.33
      65200 |          1        0.00       82.33
      66000 |         15        0.05       82.38
      67000 |         19        0.06       82.44
      68000 |         22        0.07       82.51
      68200 |          1        0.00       82.51
      68400 |          1        0.00       82.52
      68500 |          1        0.00       82.52
      68900 |          1        0.00       82.52
      69000 |          8        0.03       82.55
      69800 |          1        0.00       82.55
      69900 |          1        0.00       82.55
      70000 |         43        0.14       82.69
      71000 |          8        0.03       82.72
      72000 |         27        0.09       82.80
      73000 |         13        0.04       82.85
      73900 |          1        0.00       82.85
      74000 |         16        0.05       82.90
      75000 |         79        0.25       83.15
      75500 |          1        0.00       83.16
      75600 |          1        0.00       83.16
      75900 |          1        0.00       83.16
      76000 |         17        0.05       83.22
      76900 |          1        0.00       83.22
      77000 |         22        0.07       83.29
      78000 |         19        0.06       83.35
      79000 |         10        0.03       83.38
      79300 |          5        0.02       83.40
      79600 |          1        0.00       83.40
      80000 |         79        0.25       83.66
      80600 |          1        0.00       83.66
      81000 |         15        0.05       83.71
      82000 |          7        0.02       83.73
      83000 |         10        0.03       83.76
      83300 |          1        0.00       83.76
      83700 |          1        0.00       83.77
      84000 |         15        0.05       83.82
      85000 |         19        0.06       83.88
      85500 |          1        0.00       83.88
      85700 |          1        0.00       83.88
      86000 |          7        0.02       83.91
      87000 |         25        0.08       83.99
      88000 |         10        0.03       84.02
      89000 |         11        0.04       84.05
      90000 |         56        0.18       84.23
      91000 |          8        0.03       84.26
      92000 |          2        0.01       84.26
      93000 |         20        0.06       84.33
      94000 |         11        0.04       84.36
      95000 |         19        0.06       84.42
      95220 |          1        0.00       84.43
      95230 |          1        0.00       84.43
      95330 |          1        0.00       84.43
      95550 |          1        0.00       84.44
      95670 |          1        0.00       84.44
      96000 |         17        0.05       84.49
      97000 |          9        0.03       84.52
      98000 |          8        0.03       84.55
      99000 |         15        0.05       84.60
     100000 |        211        0.68       85.27
     100200 |          1        0.00       85.28
     101000 |         17        0.05       85.33
     102000 |         18        0.06       85.39
     102500 |          1        0.00       85.39
     102800 |          1        0.00       85.39
     102900 |          2        0.01       85.40
     103000 |          8        0.03       85.43
     103500 |          1        0.00       85.43
     104000 |          9        0.03       85.46
     104300 |          1        0.00       85.46
     104500 |          2        0.01       85.47
     105000 |         13        0.04       85.51
     105200 |          1        0.00       85.51
     105900 |          1        0.00       85.52
     106000 |          6        0.02       85.53
     107000 |          2        0.01       85.54
     108000 |         11        0.04       85.58
     109000 |         10        0.03       85.61
     110000 |         39        0.12       85.73
     111000 |          7        0.02       85.76
     112000 |          3        0.01       85.77
     112900 |          2        0.01       85.77
     113000 |          3        0.01       85.78
     114000 |          4        0.01       85.79
     115000 |         13        0.04       85.84
     116000 |          7        0.02       85.86
     117000 |         15        0.05       85.91
     118000 |         14        0.04       85.95
     119000 |          1        0.00       85.95
     119200 |          1        0.00       85.96
     119300 |          1        0.00       85.96
     119600 |          1        0.00       85.96
     120000 |         59        0.19       86.15
     120500 |          5        0.02       86.17
     121000 |          9        0.03       86.20
     121900 |          1        0.00       86.20
     122000 |         14        0.04       86.25
     122700 |          1        0.00       86.25
     123000 |         11        0.04       86.28
     123500 |          1        0.00       86.29
     124000 |         13        0.04       86.33
     125000 |         25        0.08       86.41
     125120 |          4        0.01       86.42
     125400 |          1        0.00       86.42
     126000 |          7        0.02       86.45
     126120 |          1        0.00       86.45
     126800 |          1        0.00       86.45
     127000 |         15        0.05       86.50
     128000 |         15        0.05       86.55
     129000 |          5        0.02       86.57
     130000 |         48        0.15       86.72
     131000 |         10        0.03       86.75
     132000 |         13        0.04       86.79
     133000 |          3        0.01       86.80
     134000 |          3        0.01       86.81
     134700 |          1        0.00       86.81
     135000 |          9        0.03       86.84
     136000 |          4        0.01       86.86
     137000 |         10        0.03       86.89
     138000 |          6        0.02       86.91
     139000 |          3        0.01       86.92
     140000 |         16        0.05       86.97
     140200 |          3        0.01       86.98
     141200 |          2        0.01       86.98
     142000 |          9        0.03       87.01
     143000 |          1        0.00       87.02
     144000 |          4        0.01       87.03
     145000 |         11        0.04       87.06
     146000 |          8        0.03       87.09
     146900 |          1        0.00       87.09
     147000 |         17        0.05       87.15
     147100 |          1        0.00       87.15
     148000 |         14        0.04       87.20
     148100 |          4        0.01       87.21
     149000 |          8        0.03       87.23
     150000 |         82        0.26       87.50
     151000 |          3        0.01       87.51
     152000 |         10        0.03       87.54
     153000 |         11        0.04       87.57
     154000 |          3        0.01       87.58
     154600 |          1        0.00       87.59
     155000 |         15        0.05       87.63
     156000 |          3        0.01       87.64
     157000 |          6        0.02       87.66
     157300 |          1        0.00       87.67
     158000 |          9        0.03       87.70
     159000 |          6        0.02       87.71
     160000 |         25        0.08       87.79
     161000 |          5        0.02       87.81
     162000 |          7        0.02       87.83
     163000 |          7        0.02       87.86
     164000 |          6        0.02       87.87
     165000 |         10        0.03       87.91
     166000 |          7        0.02       87.93
     167000 |          6        0.02       87.95
     168000 |          1        0.00       87.95
     169000 |          1        0.00       87.95
     170000 |         21        0.07       88.02
     170200 |          1        0.00       88.02
     171000 |          4        0.01       88.04
     172000 |          4        0.01       88.05
     173000 |          4        0.01       88.06
     174000 |          4        0.01       88.08
     174900 |          1        0.00       88.08
     175000 |         13        0.04       88.12
     176000 |          5        0.02       88.14
     177000 |          3        0.01       88.15
     178000 |         12        0.04       88.19
     179000 |          3        0.01       88.19
     180000 |         34        0.11       88.30
     180700 |          1        0.00       88.31
     180900 |          1        0.00       88.31
     181000 |          2        0.01       88.32
     181200 |          1        0.00       88.32
     182000 |         11        0.04       88.35
     182800 |          1        0.00       88.36
     183000 |          4        0.01       88.37
     184000 |          3        0.01       88.38
     185000 |         15        0.05       88.43
     186000 |          5        0.02       88.44
     187000 |          8        0.03       88.47
     187800 |          1        0.00       88.47
     188000 |          1        0.00       88.48
     189000 |          2        0.01       88.48
     190000 |         19        0.06       88.54
     191000 |          2        0.01       88.55
     192000 |         17        0.05       88.60
     192700 |          1        0.00       88.61
     193000 |          4        0.01       88.62
     194000 |          4        0.01       88.63
     195000 |         12        0.04       88.67
     196000 |          7        0.02       88.69
     197000 |          1        0.00       88.70
     197800 |          1        0.00       88.70
     198000 |          6        0.02       88.72
     199000 |          3        0.01       88.73
     200000 |        103        0.33       89.06
     201000 |          3        0.01       89.07
     201800 |          1        0.00       89.07
     202000 |          1        0.00       89.07
     203000 |          5        0.02       89.09
     204000 |          5        0.02       89.11
     205000 |          7        0.02       89.13
     206000 |          6        0.02       89.15
     207000 |          3        0.01       89.16
     207500 |          5        0.02       89.17
     208000 |          1        0.00       89.18
     209000 |          2        0.01       89.18
     209100 |          1        0.00       89.19
     210000 |         10        0.03       89.22
     211000 |          2        0.01       89.23
     212000 |          8        0.03       89.25
     213000 |          6        0.02       89.27
     214000 |          6        0.02       89.29
     215000 |          9        0.03       89.32
     215100 |          1        0.00       89.32
     216000 |          2        0.01       89.33
     216600 |          2        0.01       89.33
     216900 |          1        0.00       89.34
     217000 |          2        0.01       89.34
     218000 |          8        0.03       89.37
     219000 |          4        0.01       89.38
     220000 |         24        0.08       89.46
     221000 |          6        0.02       89.48
     222000 |          6        0.02       89.50
     223000 |          1        0.00       89.50
     224000 |          3        0.01       89.51
     225000 |         16        0.05       89.56
     226000 |          2        0.01       89.57
     227000 |          3        0.01       89.58
     228000 |          9        0.03       89.61
     229000 |          4        0.01       89.62
     230000 |         20        0.06       89.68
     232000 |          6        0.02       89.70
     234000 |          7        0.02       89.72
     235000 |          4        0.01       89.74
     236000 |          6        0.02       89.76
     237000 |          5        0.02       89.77
     238000 |          2        0.01       89.78
     239000 |          2        0.01       89.79
     240000 |         11        0.04       89.82
     241000 |          4        0.01       89.83
     242000 |          9        0.03       89.86
     243000 |          1        0.00       89.87
     244000 |          1        0.00       89.87
     245000 |         16        0.05       89.92
     246000 |          2        0.01       89.93
     248000 |          3        0.01       89.94
     249000 |          1        0.00       89.94
     250000 |         64        0.20       90.14
     251000 |          7        0.02       90.17
     252000 |          8        0.03       90.19
     253000 |          7        0.02       90.21
     254000 |          8        0.03       90.24
     254900 |          1        0.00       90.24
     255000 |         12        0.04       90.28
     256000 |          3        0.01       90.29
     257000 |         10        0.03       90.32
     258000 |          3        0.01       90.33
     259000 |          3        0.01       90.34
     260000 |         24        0.08       90.42
     261000 |          9        0.03       90.45
     262000 |          4        0.01       90.46
     263000 |          1        0.00       90.46
     264000 |          3        0.01       90.47
     265000 |          6        0.02       90.49
     266000 |          6        0.02       90.51
     266400 |          1        0.00       90.52
     270000 |          6        0.02       90.53
     271000 |          5        0.02       90.55
     271900 |          1        0.00       90.55
     272000 |          7        0.02       90.58
     273000 |          3        0.01       90.59
     274000 |          3        0.01       90.60
     275000 |         26        0.08       90.68
     276000 |          2        0.01       90.69
     277000 |          2        0.01       90.69
     278000 |          2        0.01       90.70
     279000 |          3        0.01       90.71
     280000 |          9        0.03       90.74
     281000 |          1        0.00       90.74
     282000 |          1        0.00       90.74
     283000 |         11        0.04       90.78
     284000 |          9        0.03       90.81
     285000 |          1        0.00       90.81
     286000 |          3        0.01       90.82
     286700 |          1        0.00       90.82
     287000 |          3        0.01       90.83
     288000 |          2        0.01       90.84
     289000 |          2        0.01       90.85
     290000 |         19        0.06       90.91
     291000 |          9        0.03       90.93
     292000 |          4        0.01       90.95
     293000 |          4        0.01       90.96
     294000 |          2        0.01       90.97
     295000 |         10        0.03       91.00
     296000 |          5        0.02       91.01
     297000 |          1        0.00       91.02
     298000 |          4        0.01       91.03
     299000 |          2        0.01       91.04
     300000 |        121        0.39       91.42
     301000 |          3        0.01       91.43
     303000 |         12        0.04       91.47
     305000 |          1        0.00       91.48
     306000 |          6        0.02       91.49
     307000 |          3        0.01       91.50
     308000 |          4        0.01       91.52
     309000 |          3        0.01       91.53
     309900 |          1        0.00       91.53
     310000 |         11        0.04       91.57
     311400 |          1        0.00       91.57
     311600 |          1        0.00       91.57
     311900 |          1        0.00       91.57
     312000 |          6        0.02       91.59
     315000 |          7        0.02       91.62
     316000 |          4        0.01       91.63
     317000 |          5        0.02       91.65
     318000 |          1        0.00       91.65
     319000 |          3        0.01       91.66
     320000 |          5        0.02       91.67
     321000 |         10        0.03       91.71
     322000 |          1        0.00       91.71
     322200 |          1        0.00       91.71
     323000 |          1        0.00       91.72
     324000 |          1        0.00       91.72
     325000 |          3        0.01       91.73
     327000 |          2        0.01       91.73
     328000 |          6        0.02       91.75
     329000 |          8        0.03       91.78
     330000 |         17        0.05       91.83
     332000 |          2        0.01       91.84
     333000 |          2        0.01       91.85
     334000 |          2        0.01       91.85
     335000 |          7        0.02       91.88
     335770 |          1        0.00       91.88
     336000 |          1        0.00       91.88
     336500 |          1        0.00       91.89
     338000 |          1        0.00       91.89
     340000 |          5        0.02       91.90
     342000 |          2        0.01       91.91
     343000 |          4        0.01       91.92
     344000 |          2        0.01       91.93
     344400 |          1        0.00       91.93
     345000 |         10        0.03       91.97
     346000 |          1        0.00       91.97
     346900 |          1        0.00       91.97
     348000 |          2        0.01       91.98
     349000 |          3        0.01       91.99
     350000 |         45        0.14       92.13
     351000 |          4        0.01       92.14
     352000 |          2        0.01       92.15
     353000 |          3        0.01       92.16
     354000 |          6        0.02       92.18
     355000 |          1        0.00       92.18
     356000 |          2        0.01       92.19
     357000 |          3        0.01       92.20
     358000 |          2        0.01       92.21
     359000 |          3        0.01       92.22
     360000 |          2        0.01       92.22
     363000 |          6        0.02       92.24
     364000 |          2        0.01       92.25
     365000 |         13        0.04       92.29
     366000 |          2        0.01       92.30
     366100 |          1        0.00       92.30
     367000 |          2        0.01       92.30
     368000 |          7        0.02       92.33
     369000 |         14        0.04       92.37
     370000 |          6        0.02       92.39
     371000 |          3        0.01       92.40
     372000 |          9        0.03       92.43
     373000 |          3        0.01       92.44
     374000 |          1        0.00       92.44
     375000 |         17        0.05       92.50
     376000 |          2        0.01       92.50
     377000 |          2        0.01       92.51
     378000 |          6        0.02       92.53
     379000 |          6        0.02       92.55
     380000 |         25        0.08       92.63
     381000 |          2        0.01       92.63
     382000 |          4        0.01       92.65
     382800 |          1        0.00       92.65
     383000 |          2        0.01       92.66
     384000 |          3        0.01       92.67
     385000 |          1        0.00       92.67
     386000 |          5        0.02       92.69
     387000 |          2        0.01       92.69
     388000 |          1        0.00       92.70
     389000 |          4        0.01       92.71
     390000 |          6        0.02       92.73
     391000 |          1        0.00       92.73
     392000 |          3        0.01       92.74
     393000 |          4        0.01       92.75
     394000 |          2        0.01       92.76
     397000 |          3        0.01       92.77
     398000 |          2        0.01       92.78
     400000 |         87        0.28       93.05
     400800 |          1        0.00       93.06
     402000 |          2        0.01       93.06
     403000 |          1        0.00       93.07
     404000 |          8        0.03       93.09
     405000 |          1        0.00       93.10
     406000 |          5        0.02       93.11
     406300 |          1        0.00       93.11
     406400 |          1        0.00       93.12
     406700 |          1        0.00       93.12
     407000 |          7        0.02       93.14
     407100 |          1        0.00       93.15
     408000 |          3        0.01       93.16
     409000 |          1        0.00       93.16
     410000 |          9        0.03       93.19
     411000 |          1        0.00       93.19
     412000 |          6        0.02       93.21
     413000 |          5        0.02       93.23
     414000 |          1        0.00       93.23
     415000 |          2        0.01       93.24
     416000 |          4        0.01       93.25
     417000 |          2        0.01       93.26
     418000 |          1        0.00       93.26
     420000 |         15        0.05       93.31
     422000 |          3        0.01       93.32
     424000 |          1        0.00       93.32
     425000 |          5        0.02       93.34
     426000 |          7        0.02       93.36
     427000 |          1        0.00       93.36
     428000 |          2        0.01       93.37
     429000 |          1        0.00       93.37
     430000 |          9        0.03       93.40
     431000 |          8        0.03       93.43
     432000 |          4        0.01       93.44
     433000 |          1        0.00       93.44
     435000 |          6        0.02       93.46
     437000 |          1        0.00       93.46
     438000 |          6        0.02       93.48
     439000 |          1        0.00       93.49
     440000 |          5        0.02       93.50
     442000 |          3        0.01       93.51
     443000 |          6        0.02       93.53
     446000 |          1        0.00       93.53
     447000 |          1        0.00       93.54
     448000 |          2        0.01       93.54
     450000 |         16        0.05       93.59
     451000 |          3        0.01       93.60
     452000 |          2        0.01       93.61
     453000 |          5        0.02       93.63
     454000 |          2        0.01       93.63
     455000 |          1        0.00       93.64
     456000 |          1        0.00       93.64
     457000 |          5        0.02       93.66
     458000 |          5        0.02       93.67
     459000 |          1        0.00       93.67
     460000 |          2        0.01       93.68
     461100 |          1        0.00       93.68
     461400 |          1        0.00       93.69
     462000 |          1        0.00       93.69
     462500 |          3        0.01       93.70
     463000 |          1        0.00       93.70
     464000 |          1        0.00       93.71
     465000 |         10        0.03       93.74
     466000 |          7        0.02       93.76
     470000 |          5        0.02       93.78
     472000 |          3        0.01       93.79
     476000 |          1        0.00       93.79
     480000 |          5        0.02       93.81
     481000 |          1        0.00       93.81
     482000 |          5        0.02       93.83
     483000 |          2        0.01       93.83
     483800 |          1        0.00       93.83
     483900 |          1        0.00       93.84
     484000 |          1        0.00       93.84
     485000 |          1        0.00       93.84
     486000 |          1        0.00       93.85
     487000 |          1        0.00       93.85
     488000 |          2        0.01       93.86
     489000 |          3        0.01       93.87
     490000 |         14        0.04       93.91
     490400 |          1        0.00       93.91
     491000 |          5        0.02       93.93
     492000 |          7        0.02       93.95
     493000 |          6        0.02       93.97
     494000 |          4        0.01       93.99
     495000 |          1        0.00       93.99
     496000 |          1        0.00       93.99
     497000 |          1        0.00       93.99
     499000 |          2        0.01       94.00
     500000 |        112        0.36       94.36
     501000 |          6        0.02       94.38
     502000 |          5        0.02       94.40
     503000 |          1        0.00       94.40
     505000 |          6        0.02       94.42
     507000 |          2        0.01       94.42
     508000 |          1        0.00       94.43
     509000 |          3        0.01       94.44
     510000 |          6        0.02       94.46
     511000 |          1        0.00       94.46
     512000 |          1        0.00       94.46
     513000 |          2        0.01       94.47
     515000 |          5        0.02       94.48
     518000 |          7        0.02       94.51
     519000 |          1        0.00       94.51
     520000 |          2        0.01       94.52
     521000 |          3        0.01       94.53
     522000 |          8        0.03       94.55
     524000 |          1        0.00       94.56
     525000 |          5        0.02       94.57
     526000 |          5        0.02       94.59
     527000 |          1        0.00       94.59
     528000 |          1        0.00       94.59
     530000 |         10        0.03       94.63
     531000 |          2        0.01       94.63
     532000 |          1        0.00       94.64
     534000 |          1        0.00       94.64
     536000 |          1        0.00       94.64
     539000 |          1        0.00       94.64
     540000 |          1        0.00       94.65
     541000 |          2        0.01       94.65
     542000 |          1        0.00       94.66
     543000 |          1        0.00       94.66
     544000 |          2        0.01       94.67
     546000 |          1        0.00       94.67
     547000 |          1        0.00       94.67
     550000 |         42        0.13       94.81
     553000 |          2        0.01       94.81
     554000 |          1        0.00       94.82
     555000 |          7        0.02       94.84
     556000 |          2        0.01       94.85
     557000 |          3        0.01       94.86
     559000 |          1        0.00       94.86
     560000 |          5        0.02       94.88
     563000 |          1        0.00       94.88
     564000 |          1        0.00       94.88
     565000 |         10        0.03       94.91
     567000 |          2        0.01       94.92
     568000 |          1        0.00       94.92
     569000 |          1        0.00       94.93
     570000 |         11        0.04       94.96
     572000 |          2        0.01       94.97
     575000 |         20        0.06       95.03
     576000 |          1        0.00       95.04
     577000 |          1        0.00       95.04
     579000 |          6        0.02       95.06
     580000 |          5        0.02       95.07
     582000 |          2        0.01       95.08
     585000 |          1        0.00       95.08
     586000 |          1        0.00       95.09
     589000 |          6        0.02       95.11
     592000 |          1        0.00       95.11
     594000 |          1        0.00       95.11
     598000 |          6        0.02       95.13
     600000 |         50        0.16       95.29
     601000 |          1        0.00       95.29
     602000 |          2        0.01       95.30
     604000 |          1        0.00       95.30
     609000 |          1        0.00       95.31
     610000 |          7        0.02       95.33
     614000 |          1        0.00       95.33
     619000 |          5        0.02       95.35
     620000 |          1        0.00       95.35
     621000 |          1        0.00       95.36
     622000 |          2        0.01       95.36
     623000 |          1        0.00       95.36
     624000 |          2        0.01       95.37
     625000 |          6        0.02       95.39
     626000 |          5        0.02       95.41
     627000 |          1        0.00       95.41
     629000 |          2        0.01       95.42
     630000 |          5        0.02       95.43
     633000 |          1        0.00       95.44
     636000 |          1        0.00       95.44
     637000 |          1        0.00       95.44
     638000 |          2        0.01       95.45
     642000 |          1        0.00       95.45
     643000 |          1        0.00       95.45
     645000 |          5        0.02       95.47
     646000 |          1        0.00       95.47
     647000 |          1        0.00       95.48
     648000 |          1        0.00       95.48
     649000 |          6        0.02       95.50
     650000 |         30        0.10       95.60
     652000 |          1        0.00       95.60
     655000 |          2        0.01       95.60
     656000 |          1        0.00       95.61
     659000 |          3        0.01       95.62
     660000 |          2        0.01       95.62
     664000 |          1        0.00       95.63
     665000 |          1        0.00       95.63
     665500 |          1        0.00       95.63
     666000 |          1        0.00       95.64
     668000 |          1        0.00       95.64
     669000 |          4        0.01       95.65
     670000 |          2        0.01       95.66
     671000 |          1        0.00       95.66
     672000 |          1        0.00       95.67
     673000 |          4        0.01       95.68
     674000 |          1        0.00       95.68
     676000 |          2        0.01       95.69
     680000 |          5        0.02       95.70
     681000 |          5        0.02       95.72
     682000 |          1        0.00       95.72
     683000 |          5        0.02       95.74
     685000 |          1        0.00       95.74
     688000 |          1        0.00       95.75
     689000 |          1        0.00       95.75
     690000 |          5        0.02       95.77
     692000 |          1        0.00       95.77
     693000 |          1        0.00       95.77
     696000 |          1        0.00       95.77
     697000 |          1        0.00       95.78
     700000 |         20        0.06       95.84
     701000 |          1        0.00       95.85
     704000 |          1        0.00       95.85
     705000 |          5        0.02       95.86
     707000 |          1        0.00       95.87
     708000 |          4        0.01       95.88
     712000 |          1        0.00       95.88
     713000 |          1        0.00       95.89
     716000 |          1        0.00       95.89
     718000 |          1        0.00       95.89
     720000 |          1        0.00       95.90
     723000 |          1        0.00       95.90
     725000 |          2        0.01       95.91
     727000 |          1        0.00       95.91
     728000 |          7        0.02       95.93
     731000 |          1        0.00       95.93
     732000 |          1        0.00       95.94
     734000 |          1        0.00       95.94
     735000 |          6        0.02       95.96
     736000 |          1        0.00       95.96
     737000 |          1        0.00       95.97
     739000 |          1        0.00       95.97
     740000 |          6        0.02       95.99
     742000 |          2        0.01       96.00
     745000 |          1        0.00       96.00
     746000 |          1        0.00       96.00
     749000 |          1        0.00       96.01
     750000 |         30        0.10       96.10
     752000 |          2        0.01       96.11
     754000 |          1        0.00       96.11
     757000 |          1        0.00       96.11
     758000 |          1        0.00       96.12
     759000 |          1        0.00       96.12
     760000 |          2        0.01       96.13
     761000 |          1        0.00       96.13
     763000 |          1        0.00       96.13
     765000 |          1        0.00       96.14
     766000 |          1        0.00       96.14
     767000 |          2        0.01       96.15
     769000 |          2        0.01       96.15
     770000 |          5        0.02       96.17
     771000 |          1        0.00       96.17
     772000 |          5        0.02       96.19
     774000 |          1        0.00       96.19
     775000 |          5        0.02       96.21
     778000 |          1        0.00       96.21
     779000 |          1        0.00       96.21
     779800 |          2        0.01       96.22
     783000 |          2        0.01       96.23
     784000 |          2        0.01       96.23
     786000 |          2        0.01       96.24
     787000 |          1        0.00       96.24
     788000 |          1        0.00       96.25
     791000 |          2        0.01       96.25
     794000 |          6        0.02       96.27
     794800 |          1        0.00       96.27
     795000 |          3        0.01       96.28
     797000 |          1        0.00       96.29
     798000 |          2        0.01       96.29
     799000 |          6        0.02       96.31
     799500 |          3        0.01       96.32
     799600 |          1        0.00       96.33
     800000 |         19        0.06       96.39
     800800 |          1        0.00       96.39
     804000 |          1        0.00       96.39
     804800 |          1        0.00       96.40
     805000 |          2        0.01       96.40
     806000 |          1        0.00       96.41
     807000 |          1        0.00       96.41
     808000 |          1        0.00       96.41
     814000 |          1        0.00       96.41
     815000 |          5        0.02       96.43
     818000 |          3        0.01       96.44
     820000 |          1        0.00       96.44
     822000 |          2        0.01       96.45
     823000 |          1        0.00       96.45
     827000 |          1        0.00       96.46
     830000 |          1        0.00       96.46
     832000 |          2        0.01       96.47
     834000 |          2        0.01       96.47
     840000 |          5        0.02       96.49
     841000 |          2        0.01       96.49
     842000 |          1        0.00       96.50
     843000 |          1        0.00       96.50
     844000 |          2        0.01       96.51
     845000 |          2        0.01       96.51
     850000 |         10        0.03       96.55
     859000 |          1        0.00       96.55
     861000 |          1        0.00       96.55
     862000 |          1        0.00       96.56
     870000 |          1        0.00       96.56
     871000 |          1        0.00       96.56
     872000 |          1        0.00       96.57
     874000 |          1        0.00       96.57
     875000 |          1        0.00       96.57
     876000 |          1        0.00       96.57
     877000 |          1        0.00       96.58
     878000 |          5        0.02       96.59
     879000 |          2        0.01       96.60
     883000 |          1        0.00       96.60
     885000 |          1        0.00       96.61
     886000 |          1        0.00       96.61
     887000 |          1        0.00       96.61
     894000 |          2        0.01       96.62
     896000 |          1        0.00       96.62
     897000 |          1        0.00       96.63
     900000 |         16        0.05       96.68
     901000 |          2        0.01       96.68
     902000 |          1        0.00       96.69
     903000 |          1        0.00       96.69
     904000 |          2        0.01       96.70
     906000 |          3        0.01       96.71
     910000 |          1        0.00       96.71
     911000 |          1        0.00       96.71
     912000 |          1        0.00       96.72
     913000 |          1        0.00       96.72
     914000 |          1        0.00       96.72
     917000 |          1        0.00       96.73
     923000 |          5        0.02       96.74
     929000 |          1        0.00       96.74
     931000 |          1        0.00       96.75
     933000 |          1        0.00       96.75
     937000 |          1        0.00       96.75
     938000 |          2        0.01       96.76
     943000 |          1        0.00       96.76
     947000 |          1        0.00       96.77
     950000 |         15        0.05       96.81
     953000 |          1        0.00       96.82
     957000 |          1        0.00       96.82
     959000 |          1        0.00       96.82
     960000 |          5        0.02       96.84
     962000 |          1        0.00       96.84
     967000 |          1        0.00       96.85
     968000 |          2        0.01       96.85
     969000 |          2        0.01       96.86
     970000 |          1        0.00       96.86
     971000 |          1        0.00       96.87
     975000 |          6        0.02       96.89
     976000 |          1        0.00       96.89
     980000 |          1        0.00       96.89
     985000 |          1        0.00       96.90
     987000 |          1        0.00       96.90
     988000 |          1        0.00       96.90
     990000 |          6        0.02       96.92
     994000 |          1        0.00       96.92
     998000 |          2        0.01       96.93
    1000000 |         72        0.23       97.16
    1008000 |          1        0.00       97.16
    1010000 |          3        0.01       97.17
    1020000 |          2        0.01       97.18
    1021000 |          1        0.00       97.18
    1023000 |          1        0.00       97.19
    1030000 |          2        0.01       97.19
    1036000 |          1        0.00       97.20
    1039000 |          1        0.00       97.20
    1040000 |          5        0.02       97.22
    1041000 |          1        0.00       97.22
    1049000 |          1        0.00       97.22
    1050000 |         10        0.03       97.25
    1054000 |          1        0.00       97.26
    1055000 |          1        0.00       97.26
    1060000 |          7        0.02       97.28
    1070000 |          4        0.01       97.30
    1073000 |          1        0.00       97.30
    1075000 |          5        0.02       97.31
    1077000 |          1        0.00       97.32
    1080000 |         12        0.04       97.36
    1083000 |          2        0.01       97.36
    1085000 |          1        0.00       97.37
    1090000 |          7        0.02       97.39
    1099000 |          1        0.00       97.39
    1100000 |         30        0.10       97.49
    1102000 |          1        0.00       97.49
    1110000 |          3        0.01       97.50
    1111000 |          1        0.00       97.50
    1120000 |          5        0.02       97.52
    1130000 |          2        0.01       97.53
    1139000 |          1        0.00       97.53
    1140000 |          3        0.01       97.54
    1148000 |          1        0.00       97.54
    1150000 |          7        0.02       97.56
    1152000 |          2        0.01       97.57
    1158000 |          1        0.00       97.57
    1160000 |          1        0.00       97.58
    1168000 |          1        0.00       97.58
    1169000 |          1        0.00       97.58
    1170000 |          1        0.00       97.59
    1175000 |          1        0.00       97.59
    1180000 |          7        0.02       97.61
    1188000 |          1        0.00       97.62
    1190000 |          5        0.02       97.63
    1191000 |          1        0.00       97.63
    1194000 |          2        0.01       97.64
    1195000 |          1        0.00       97.64
    1200000 |         21        0.07       97.71
    1209000 |          1        0.00       97.71
    1210000 |          5        0.02       97.73
    1211000 |          1        0.00       97.73
    1213000 |          1        0.00       97.74
    1216000 |          2        0.01       97.74
    1220000 |          3        0.01       97.75
    1221000 |          2        0.01       97.76
    1222000 |          1        0.00       97.76
    1226000 |          3        0.01       97.77
    1227000 |          2        0.01       97.78
    1230000 |          3        0.01       97.79
    1242000 |          1        0.00       97.79
    1250000 |          2        0.01       97.80
    1258000 |          5        0.02       97.81
    1260000 |          6        0.02       97.83
    1262000 |          1        0.00       97.84
    1267000 |          1        0.00       97.84
    1268000 |          1        0.00       97.84
    1275000 |          1        0.00       97.85
    1280000 |          2        0.01       97.85
    1281000 |          1        0.00       97.86
    1287000 |          1        0.00       97.86
    1296000 |          1        0.00       97.86
    1300000 |         22        0.07       97.93
    1310000 |          1        0.00       97.94
    1320000 |          8        0.03       97.96
    1322000 |          1        0.00       97.96
    1325000 |          5        0.02       97.98
    1350000 |         20        0.06       98.04
    1360000 |          2        0.01       98.05
    1370000 |          1        0.00       98.05
    1380000 |          2        0.01       98.06
    1390000 |          3        0.01       98.07
    1400000 |          6        0.02       98.09
    1410000 |          3        0.01       98.10
    1413000 |          1        0.00       98.10
    1419000 |          2        0.01       98.11
    1420000 |          4        0.01       98.12
    1421000 |          1        0.00       98.12
    1423000 |          1        0.00       98.13
    1427000 |          1        0.00       98.13
    1440000 |          1        0.00       98.13
    1441000 |          1        0.00       98.14
    1450000 |          1        0.00       98.14
    1452000 |          1        0.00       98.14
    1460000 |          4        0.01       98.16
    1467000 |          1        0.00       98.16
    1469000 |          1        0.00       98.16
    1470000 |          2        0.01       98.17
    1471000 |          1        0.00       98.17
    1474000 |          1        0.00       98.18
    1478000 |          1        0.00       98.18
    1480000 |          3        0.01       98.19
    1484000 |          1        0.00       98.19
    1500000 |         25        0.08       98.27
    1511000 |          1        0.00       98.27
    1517000 |          1        0.00       98.28
    1518000 |          1        0.00       98.28
    1522000 |          1        0.00       98.28
    1530000 |          1        0.00       98.29
    1535000 |          1        0.00       98.29
    1538000 |          1        0.00       98.29
    1540000 |          1        0.00       98.30
    1545000 |          1        0.00       98.30
    1550000 |          5        0.02       98.32
    1555000 |          1        0.00       98.32
    1558000 |          1        0.00       98.32
    1560000 |          2        0.01       98.33
    1564000 |          1        0.00       98.33
    1567000 |          1        0.00       98.34
    1570000 |          1        0.00       98.34
    1580000 |          1        0.00       98.34
    1583000 |          1        0.00       98.35
    1589000 |          1        0.00       98.35
    1590000 |          2        0.01       98.35
    1593000 |          1        0.00       98.36
    1600000 |         10        0.03       98.39
    1610000 |          1        0.00       98.39
    1617000 |          5        0.02       98.41
    1620000 |          1        0.00       98.41
    1630000 |          1        0.00       98.42
    1640000 |          6        0.02       98.43
    1649000 |          1        0.00       98.44
    1650000 |          7        0.02       98.46
    1655000 |          1        0.00       98.46
    1657000 |          1        0.00       98.47
    1660000 |          1        0.00       98.47
    1670000 |          1        0.00       98.47
    1680000 |          1        0.00       98.48
    1681000 |          1        0.00       98.48
    1699000 |          1        0.00       98.48
    1700000 |         11        0.04       98.52
    1705000 |          1        0.00       98.52
    1709000 |          5        0.02       98.54
    1710000 |          2        0.01       98.54
    1718000 |          1        0.00       98.55
    1724000 |          5        0.02       98.56
    1730000 |          1        0.00       98.57
    1732000 |          1        0.00       98.57
    1750000 |          6        0.02       98.59
    1766000 |          1        0.00       98.59
    1775000 |          1        0.00       98.59
    1779000 |          1        0.00       98.60
    1800000 |         10        0.03       98.63
    1808000 |          1        0.00       98.63
    1821000 |          1        0.00       98.64
    1830000 |          2        0.01       98.64
    1840000 |          1        0.00       98.65
    1850000 |          6        0.02       98.67
    1860000 |          4        0.01       98.68
    1898000 |          1        0.00       98.68
    1900000 |          5        0.02       98.70
    1910000 |          1        0.00       98.70
    1925000 |          1        0.00       98.70
    1940000 |          2        0.01       98.71
    1950000 |          3        0.01       98.72
    1951000 |          1        0.00       98.72
    1960000 |          4        0.01       98.74
    1980000 |          2        0.01       98.74
    2000000 |         46        0.15       98.89
    2011000 |          1        0.00       98.89
    2015000 |          1        0.00       98.90
    2020000 |          1        0.00       98.90
    2030700 |          1        0.00       98.90
    2032400 |          1        0.00       98.91
    2032500 |          1        0.00       98.91
    2033600 |          1        0.00       98.91
    2033800 |          1        0.00       98.91
    2061000 |          2        0.01       98.92
    2067000 |          1        0.00       98.92
    2070000 |          1        0.00       98.93
    2090000 |          1        0.00       98.93
    2100000 |          1        0.00       98.93
    2114000 |          1        0.00       98.94
    2160000 |          6        0.02       98.96
    2170000 |          1        0.00       98.96
    2177000 |          2        0.01       98.97
    2190000 |          2        0.01       98.97
    2192000 |          1        0.00       98.98
    2200000 |          5        0.02       98.99
    2239000 |          5        0.02       99.01
    2241000 |          1        0.00       99.01
    2244000 |          5        0.02       99.03
    2254000 |          1        0.00       99.03
    2256000 |          1        0.00       99.03
    2267000 |          1        0.00       99.04
    2270000 |          2        0.01       99.04
    2276000 |          1        0.00       99.05
    2288000 |          1        0.00       99.05
    2300000 |          5        0.02       99.07
    2303000 |          1        0.00       99.07
    2315000 |          1        0.00       99.07
    2324000 |          1        0.00       99.07
    2340000 |          2        0.01       99.08
    2351000 |          1        0.00       99.08
    2360000 |          1        0.00       99.09
    2364000 |          1        0.00       99.09
    2380000 |          1        0.00       99.09
    2383000 |          1        0.00       99.10
    2384000 |          2        0.01       99.10
    2385000 |          2        0.01       99.11
    2390000 |          1        0.00       99.11
    2400000 |          1        0.00       99.12
    2415000 |          1        0.00       99.12
    2420000 |          2        0.01       99.13
    2442000 |          1        0.00       99.13
    2444000 |          1        0.00       99.13
    2500000 |          5        0.02       99.15
    2503000 |          1        0.00       99.15
    2510000 |          1        0.00       99.15
    2520000 |          2        0.01       99.16
    2523000 |          1        0.00       99.16
    2530000 |          1        0.00       99.17
    2550000 |          1        0.00       99.17
    2570000 |          1        0.00       99.17
    2600000 |          5        0.02       99.19
    2612000 |          1        0.00       99.19
    2630000 |          1        0.00       99.20
    2640000 |          1        0.00       99.20
    2680000 |          1        0.00       99.20
    2700000 |          5        0.02       99.22
    2710000 |          1        0.00       99.22
    2720000 |          1        0.00       99.23
    2721000 |          1        0.00       99.23
    2730000 |          1        0.00       99.23
    2750000 |          1        0.00       99.23
    2760000 |          1        0.00       99.24
    2767000 |          1        0.00       99.24
    2780000 |          1        0.00       99.24
    2790000 |          1        0.00       99.25
    2800000 |          6        0.02       99.27
    2810000 |          5        0.02       99.28
    2860000 |          3        0.01       99.29
    2900000 |          5        0.02       99.31
    2930000 |          1        0.00       99.31
    3000000 |         10        0.03       99.34
    3007000 |          1        0.00       99.35
    3050000 |          5        0.02       99.36
    3060000 |          1        0.00       99.37
    3080000 |          1        0.00       99.37
    3100000 |          5        0.02       99.39
    3130000 |          1        0.00       99.39
    3160000 |          1        0.00       99.39
    3170000 |          1        0.00       99.40
    3200000 |          2        0.01       99.40
    3260000 |          1        0.00       99.40
    3270000 |          1        0.00       99.41
    3350000 |          1        0.00       99.41
    3410000 |          1        0.00       99.41
    3420000 |          1        0.00       99.42
    3435000 |          1        0.00       99.42
    3482000 |          1        0.00       99.42
    3530000 |          1        0.00       99.43
    3580000 |          1        0.00       99.43
    3590000 |          1        0.00       99.43
    3599000 |          1        0.00       99.44
    3600000 |          9        0.03       99.47
    3620000 |          1        0.00       99.47
    3650000 |          5        0.02       99.48
    3660000 |          1        0.00       99.49
    3680000 |          1        0.00       99.49
    3740000 |          1        0.00       99.49
    3800000 |          1        0.00       99.50
    3810000 |          5        0.02       99.51
    3863000 |          1        0.00       99.52
    3894000 |          1        0.00       99.52
    3900000 |          6        0.02       99.54
    3940000 |          1        0.00       99.54
    3970000 |          1        0.00       99.55
    4000000 |          5        0.02       99.56
    4020000 |          1        0.00       99.56
    4040000 |          1        0.00       99.57
    4060000 |          1        0.00       99.57
    4087000 |          1        0.00       99.57
    4088000 |          1        0.00       99.58
    4093000 |          1        0.00       99.58
    4100000 |          2        0.01       99.59
    4150000 |          1        0.00       99.59
    4160000 |          1        0.00       99.59
    4190000 |          1        0.00       99.60
    4250000 |          1        0.00       99.60
    4270000 |          1        0.00       99.60
    4300000 |          5        0.02       99.62
    4303000 |          1        0.00       99.62
    4330000 |          1        0.00       99.63
    4370000 |          1        0.00       99.63
    4400000 |          1        0.00       99.63
    4430000 |          2        0.01       99.64
    4540000 |          1        0.00       99.64
    4550000 |          5        0.02       99.66
    4580000 |          1        0.00       99.66
    4700000 |          1        0.00       99.66
    4720000 |          1        0.00       99.67
    4750000 |          5        0.02       99.68
    4783000 |          1        0.00       99.69
    4790000 |          1        0.00       99.69
    4850000 |          1        0.00       99.69
    4980000 |          1        0.00       99.70
    4999000 |          2        0.01       99.70
    5000000 |          1        0.00       99.71
    5002000 |          1        0.00       99.71
    5006000 |          1        0.00       99.71
    5130000 |          1        0.00       99.72
    5300000 |          5        0.02       99.73
    5310000 |          1        0.00       99.73
    5410000 |          1        0.00       99.74
    5460000 |          1        0.00       99.74
    5500000 |          5        0.02       99.76
    5550000 |          5        0.02       99.77
    5660000 |          1        0.00       99.78
    5680000 |          2        0.01       99.78
    5690000 |          5        0.02       99.80
    5710000 |          1        0.00       99.80
    5790000 |          1        0.00       99.80
    5840000 |          1        0.00       99.81
    5890000 |          1        0.00       99.81
    5910000 |          1        0.00       99.81
    6000000 |         10        0.03       99.85
    6200000 |          1        0.00       99.85
    6290000 |          1        0.00       99.85
    6450000 |          1        0.00       99.86
    6500000 |          1        0.00       99.86
    6560000 |          1        0.00       99.86
    6580000 |          1        0.00       99.87
    6620000 |          2        0.01       99.87
    6700000 |          1        0.00       99.88
    6710000 |          3        0.01       99.88
    6730000 |          1        0.00       99.89
    7070000 |          1        0.00       99.89
    7230000 |          1        0.00       99.89
    7770000 |          1        0.00       99.90
    7910000 |          1        0.00       99.90
    7980000 |          1        0.00       99.90
    8080000 |          1        0.00       99.91
    8170000 |          1        0.00       99.91
    8330000 |          1        0.00       99.91
    8500000 |          5        0.02       99.93
    8520000 |          1        0.00       99.93
    9810000 |          1        0.00       99.94
    9930000 |          1        0.00       99.94
   1.00e+07 |          1        0.00       99.94
   1.01e+07 |          5        0.02       99.96
   1.02e+07 |          1        0.00       99.96
   1.13e+07 |          1        0.00       99.96
   1.16e+07 |          1        0.00       99.97
   2.31e+07 |          1        0.00       99.97
   2.39e+07 |          1        0.00       99.97
   2.57e+07 |          1        0.00       99.98
   2.78e+07 |          1        0.00       99.98
   2.79e+07 |          1        0.00       99.98
   4.46e+07 |          2        0.01       99.99
   4.46e+07 |          3        0.01      100.00
------------+-----------------------------------
      Total |     31,240      100.00

. sum thrift

    Variable |        Obs        Mean    Std. Dev.       Min        Max
-------------+---------------------------------------------------------
      thrift |     31,240    128793.6    826143.6          0   4.46e+07

. do "C:\Users\dhnsingh\AppData\Local\Temp\STD1e9c_000000.tmp"

. keep YY1 Y1 thrift trusts debt

. 
end of do-file

. do "C:\Users\dhnsingh\AppData\Local\Temp\STD1e9c_000000.tmp"

. save fed_data2
file fed_data2.dta saved

. 
end of do-file

. do "C:\Users\dhnsingh\AppData\Local\Temp\STD1e9c_000000.tmp"

. merge 1:1 YY1 Y1 using fed_data1

    Result                           # of obs.
    -----------------------------------------
    not matched                             0
    matched                            31,240  (_merge==3)
    -----------------------------------------

. 
end of do-file

. do "C:\Users\dhnsingh\AppData\Local\Temp\STD1e9c_000000.tmp"

. search mdesc

. 
end of do-file

. do "C:\Users\dhnsingh\AppData\Local\Temp\STD1e9c_000000.tmp"

. mdesc

    Variable    |     Missing          Total     Percent Missing
----------------+-----------------------------------------------
            YY1 |           0         31,240           0.00
             Y1 |           0         31,240           0.00
         thrift |           0         31,240           0.00
         trusts |           0         31,240           0.00
           debt |           0         31,240           0.00
          hhsex |           0         31,240           0.00
            age |           0         31,240           0.00
           educ |           0         31,240           0.00
        married |           0         31,240           0.00
           kids |           0         31,240           0.00
           race |           0         31,240           0.00
         income |           0         31,240           0.00
       internet |           0         31,240           0.00
       checking |           0         31,240           0.00
      age_categ |           0         31,240           0.00
   inc_quarti~s |           0         31,240           0.00
         _merge |           0         31,240           0.00
----------------+-----------------------------------------------

. 
end of do-file

. exit, clear
