--------------------------------------------------------------------------------
      name:  <unnamed>
       log:  \\toaster\homes\d\h\dhnsingh\nt\Spring 2018\Soci 631\HW1\tutorial.l
> og
  log type:  text
 opened on:  24 Jan 2018, 10:53:20

. 
end of do-file

. do "C:\Users\LOCAL_~1\Temp\STD00000000.tmp"

. use science4, clear
(science4.dta | Long's scientific career data | 2014-03-02)

. 
end of do-file

. do "C:\Users\LOCAL_~1\Temp\STD00000000.tmp"

. codebook, compact

Variable    Obs Unique      Mean    Min    Max  Label
--------------------------------------------------------------------------------
cit1        308     50  11.60714      0    137  Citations in PhD yrs -1 to 1
cit3        308     57  14.97078      0    196  Citations in PhD yrs 1 to 3
cit6        308     65  18.37013      0    143  Citations in PhD yrs 4 to 6
cit9        308     74  21.07143      0    214  Citations in PhD yrs 7 to  9
enrol       278      9  5.564748      3     14  Years from BA to PhD
faculty     302      2  .5298013      0      1  Is a faculty member?
fel         308    101  3.190877      1   4.77  Fellow or PhD prestige
feladeq     308      2  .1331169      0      1  Fellow or PhD is adequate?
felclass    308      4  2.694805      1      4  Fellow or PhD prestige class
felelite    308      2  .2792208      0      1  Fellow or PhD is elite?
felgood     308      2  .3181818      0      1  Fellow or PhD is good?
fellow      308      2  .3928571      0      1  Held postdoctoral fellowship?
felstrong   308      2  .2694805      0      1  Fellow or PhD is strong?
female      308      2  .3474026      0      1  Scientist is female?
id          308    308  58654.49  57001  62420  ID number
job         163     68  2.967117   1.01   4.69  Prestige of 1st university job
jobadeq     163      2   .190184      0      1  Job ranking is adequate?
jobclass    163      4  2.417178      1      4  Prestige class of 1st univers...
jobelite    163      2  .0858896      0      1  Job ranking is elite?
jobgood     163      2  .2883436      0      1  Job ranking is good?
jobstrong   163      2  .4355828      0      1  Job ranking is strong?
mentcit3yr  306     64  20.95098      0    133  Mentor's 3-yr citations
mentcitall  303     87  44.58086      0    223  Mentor's total citations
mentnas     304      2  .0789474      0      1  Mentor elected to NAS?
mentpub3yr  306     35  11.02614      0     48  Mentor's 3 year publications
mmale       303      2  .9867987      0      1  Mentor is male?
nopub1      308      2       .25      0      1  No pubs PhD yrs -1 to 1?
nopub3      308      2  .2045455      0      1  No pubs PhD yrs 1 to 3?
nopub6      308      2  .1915584      0      1  No pubs PhD yrs 4 to 6?
nopub9      308      2  .1980519      0      1  No pubs PhD yrs 7 to 9?
phd         308     82  3.177987      1   4.77  Prestige of PhD department
phdadeq     308      2  .1461039      0      1  PhD is adequate?
phdclass    308      4  2.675325      1      4  Prestige class of PhD department
phdelite    308      2  .3019481      0      1  PhD is elite?
phdgood     308      2  .3344156      0      1  PhD is good?
phdstrong   308      2  .2175325      0      1  PhD is strong?
pub1        308     17  2.545455      0     24  Publications in PhD yrs -1 to 1
pub3        308     19  3.185065      0     31  Publications in PhD yrs 1 to 3
pub6        308     26  4.165584      0     29  Publications in PhD yrs 4 to 6
pub9        308     27  4.512987      0     33  Publications in PhD yrs 7 to 9
totpub      308     46  11.86364      0     84  Total publications in 9 yrs s...
work        302      5  2.062914      1      5  Type of first job
workadmn    302      2   .089404      0      1  Job is in administration?
worktch     302      2   .615894      0      1  Job is teaching?
workuniv    302      2   .705298      0      1  Job is in a university?
--------------------------------------------------------------------------------

. 
end of do-file

. do "C:\Users\LOCAL_~1\Temp\STD00000000.tmp"

. summarize work

    Variable |        Obs        Mean    Std. Dev.       Min        Max
-------------+---------------------------------------------------------
        work |        302    2.062914     1.37829          1          5

. 
end of do-file

. do "C:\Users\LOCAL_~1\Temp\STD00000000.tmp"

. tabulate work, missing

 Type of first |
           job |      Freq.     Percent        Cum.
---------------+-----------------------------------
university fac |        160       51.95       51.95
 research univ |         53       17.21       69.16
   college fac |         26        8.44       77.60
      industry |         36       11.69       89.29
administration |         27        8.77       98.05
             . |          6        1.95      100.00
---------------+-----------------------------------
         Total |        308      100.00

. 
end of do-file

. do "C:\Users\LOCAL_~1\Temp\STD00000000.tmp"

. dotplot pub1

. 
end of do-file

. do "C:\Users\LOCAL_~1\Temp\STD00000000.tmp"

. graph export tutorial_dotplot.emf, replace
no Graph window open
r(601);

end of do-file

r(601);

. do "C:\Users\LOCAL_~1\Temp\STD00000000.tmp"

. dotplot pub1

. 
end of do-file

. do "C:\Users\LOCAL_~1\Temp\STD00000000.tmp"

. graph export tutorial_dotplot.emf, replace
(note: file tutorial_dotplot.emf not found)
(file \\toaster\homes\d\h\dhnsingh\nt\Spring 2018\Soci 631\HW1\tutorial_dotplot.
> emf written in Enhanced Metafile format)

. 
end of do-file

. do "C:\Users\LOCAL_~1\Temp\STD00000000.tmp"

. gen isfac = (work==1) if work<.
(6 missing values generated)

. 
end of do-file

. do "C:\Users\LOCAL_~1\Temp\STD00000000.tmp"

. tabulate isfac work, missing

           |                   Type of first job
     isfac | universit  research   college f   industry  administr |     Total
-----------+-------------------------------------------------------+----------
         0 |         0         53         26         36         27 |       142 
         1 |       160          0          0          0          0 |       160 
         . |         0          0          0          0          0 |         6 
-----------+-------------------------------------------------------+----------
     Total |       160         53         26         36         27 |       308 


           |  Type of
           | first job
     isfac |         . |     Total
-----------+-----------+----------
         0 |         0 |       142 
         1 |         0 |       160 
         . |         6 |         6 
-----------+-----------+----------
     Total |         6 |       308 


. 
end of do-file

. do "C:\Users\LOCAL_~1\Temp\STD00000000.tmp"

. label variable isfac "Scientist is faculty member in university"

. 
end of do-file

. do "C:\Users\LOCAL_~1\Temp\STD00000000.tmp"

. label define isfac 0 "NotFac" 1 "Faculty"

. 
end of do-file

. do "C:\Users\LOCAL_~1\Temp\STD00000000.tmp"

. label values isfac isfac

. 
end of do-file

. do "C:\Users\LOCAL_~1\Temp\STD00000000.tmp"

. tabulate isfac

  Scientist |
 is faculty |
  member in |
 university |      Freq.     Percent        Cum.
------------+-----------------------------------
     NotFac |        142       47.02       47.02
    Faculty |        160       52.98      100.00
------------+-----------------------------------
      Total |        302      100.00

. 
end of do-file

. do "C:\Users\LOCAL_~1\Temp\STD00000000.tmp"

. tabulate job, missing

Prestige of |
        1st |
 university |
        job |      Freq.     Percent        Cum.
------------+-----------------------------------
       1.01 |          1        0.32        0.32
        1.2 |          1        0.32        0.65
       1.22 |          1        0.32        0.97
       1.32 |          1        0.32        1.30
       1.37 |          1        0.32        1.62
        1.4 |          2        0.65        2.27
       1.47 |          1        0.32        2.60
       1.53 |          3        0.97        3.57
       1.58 |          1        0.32        3.90
       1.65 |          1        0.32        4.22
       1.72 |          1        0.32        4.55
       1.74 |          1        0.32        4.87
       1.82 |          1        0.32        5.19
       1.83 |          2        0.65        5.84
       1.84 |          3        0.97        6.82
       1.86 |          1        0.32        7.14
       1.88 |          1        0.32        7.47
       1.94 |          4        1.30        8.77
       1.95 |          1        0.32        9.09
       1.96 |          1        0.32        9.42
       1.99 |          2        0.65       10.06
       2.03 |          1        0.32       10.39
       2.08 |          1        0.32       10.71
       2.09 |          1        0.32       11.04
       2.11 |          5        1.62       12.66
       2.12 |          2        0.65       13.31
       2.18 |          1        0.32       13.64
       2.21 |          2        0.65       14.29
       2.23 |          1        0.32       14.61
       2.36 |          2        0.65       15.26
       2.47 |          2        0.65       15.91
        2.5 |          1        0.32       16.23
       2.52 |          1        0.32       16.56
       2.56 |          5        1.62       18.18
       2.64 |          1        0.32       18.51
       2.68 |          1        0.32       18.83
        2.7 |          1        0.32       19.16
       2.74 |          3        0.97       20.13
       2.75 |          3        0.97       21.10
       2.78 |          1        0.32       21.43
       2.87 |          7        2.27       23.70
       2.89 |          1        0.32       24.03
       2.93 |          2        0.65       24.68
       2.97 |          2        0.65       25.32
          3 |          1        0.32       25.65
       3.12 |          3        0.97       26.62
       3.18 |          3        0.97       27.60
       3.19 |          2        0.65       28.25
        3.2 |          2        0.65       28.90
       3.28 |          1        0.32       29.22
       3.31 |          4        1.30       30.52
       3.34 |          2        0.65       31.17
       3.35 |          5        1.62       32.79
       3.38 |          5        1.62       34.42
       3.39 |          4        1.30       35.71
       3.44 |          5        1.62       37.34
       3.55 |          4        1.30       38.64
       3.57 |          2        0.65       39.29
        3.6 |          3        0.97       40.26
       3.64 |          5        1.62       41.88
       3.66 |          1        0.32       42.21
       3.73 |          3        0.97       43.18
       3.77 |         10        3.25       46.43
       3.97 |          6        1.95       48.38
       4.18 |          2        0.65       49.03
       4.42 |          1        0.32       49.35
        4.5 |          6        1.95       51.30
       4.69 |          5        1.62       52.92
          . |        145       47.08      100.00
------------+-----------------------------------
      Total |        308      100.00

. 
end of do-file

. exit, clear
